exit: 1
-- WARNING ----------- errors/annotated_tyvar_fixed_1.march

The type variables `a` and `b` in `launder`'s signature are not independent: the body makes `b` the same type as `a`. [annotated_tyvar_fixed]

16 |     fn launder(x : a) : b do x end
                             ^

    hint: write `a` in place of `b` if they are meant to be the same type, or make the body generic in each.


-- ERROR ----------- errors/annotated_tyvar_fixed_1.march

expected `String` but got `Int`. [type_mismatch]

20 |     fn attack() : Int do need_str(launder(42)) end
                                       ^^^^^^^^^^^

    This is argument #1 of a function call.
    Use `int_to_string(x)` to convert an Int to a String.

    the expected type comes from here:

20 |     fn attack() : Int do need_str(launder(42)) end
                              ^^^^^^^^^^^^^^^^^^^^^
    run `march --explain type_mismatch`


