{"severity":"warning","file":"errors/annotated_tyvar_fixed_1.march","start_line":16,"start_col":24,"end_line":16,"end_col":25,"message":"The type variables `a` and `b` in `launder`'s signature are not independent: the body makes `b` the same type as `a`.","code":"annotated_tyvar_fixed","fix":null,"labels":[],"notes":["hint: write `a` in place of `b` if they are meant to be the same type, or make the body generic in each."]}
{"severity":"error","file":"errors/annotated_tyvar_fixed_1.march","start_line":20,"start_col":34,"end_line":20,"end_col":45,"message":"expected `String` but got `Int`.","code":"type_mismatch","fix":null,"labels":[{"file":"errors/annotated_tyvar_fixed_1.march","start_line":20,"start_col":25,"end_line":20,"end_col":46,"message":"the expected type comes from here"}],"notes":["This is argument #1 of a function call.","Use `int_to_string(x)` to convert an Int to a String."]}
