{"severity":"error","file":"errors/arity_mismatch_2.march","start_line":5,"start_col":26,"end_line":5,"end_col":32,"message":"`add` is a lambda with 2 parameters, but is called with 1 argument.\nMarch has no partial application — a call must supply all arguments.","code":"arity_mismatch","fix":null,"labels":[{"file":"errors/arity_mismatch_2.march","start_line":4,"start_col":14,"end_line":4,"end_col":32,"message":"bound here with 2 parameters"}],"notes":[]}
