{"severity":"error","file":"errors/cap_grant_20.march","start_line":12,"start_col":2,"end_line":15,"end_col":5,"message":"`main` performs IO but declares no grant. The program reaches `IO.Console`; a `main` with no capability parameter is granted nothing.\nhelp: declare the grant `main` actually needs —\n        fn main(_cap_console : Cap(IO.Console)) : ()\nor grant everything with `fn main(cap : Cap(IO))`.\n`forge fix` can apply this.","code":"cap_grant","fix":{"kind":"replace","start_line":12,"start_col":9,"end_line":12,"end_col":11,"text":"(_cap_console : Cap(IO.Console))"},"labels":[],"notes":[]}
{"severity":"error","file":"errors/cap_grant_20.march","start_line":14,"start_col":22,"end_line":14,"end_col":47,"message":"refinement violation: argument `i` of `Simd.extract_u8x16` does not satisfy precondition `0 <= _ && _ < 16`\nnote: guard the call (e.g. `if 0 <= _ && _ < 16 do …`) or pass a value known to satisfy it","code":"refinement_violated","fix":null,"labels":[{"file":"errors/cap_grant_20.march","start_line":14,"start_col":44,"end_line":14,"end_col":46,"message":"this argument must satisfy `0 <= _ && _ < 16`"}],"notes":[]}
