{"severity":"error","file":"errors/cap_needs_8.march","start_line":13,"start_col":2,"end_line":17,"end_col":5,"message":"`Cap(IO.FileWrite)` used in module `Store` but `IO.FileWrite` is not declared in `needs`.\nhelp: add `needs IO.FileWrite` to the module body.","code":"cap_needs:IO.FileWrite","fix":{"kind":"insert","after_line":10,"text":"  needs IO.FileWrite"},"labels":[],"notes":[]}
