{"severity":"hint","file":"errors/cap_root_broad_2.march","start_line":40,"start_col":2,"end_line":40,"end_col":44,"message":"this function takes `Cap(IO)` (the root capability); consider narrowing to e.g. `Cap(IO.FileRead)` or `Cap(IO.Console)` for least-privilege.","code":"cap_root_broad","fix":null,"labels":[],"notes":[]}
{"severity":"error","file":"errors/cap_root_broad_2.march","start_line":42,"start_col":2,"end_line":47,"end_col":5,"message":"`main` performs IO but declares no grant. The program reaches `IO`; a `main` with no capability parameter is granted nothing.\nhelp: declare the grant `main` actually needs —\n        fn main(_cap_io : Cap(IO)) : ()\nor grant everything with `fn main(cap : Cap(IO))`.\n`forge fix` can apply this.","code":"cap_grant","fix":{"kind":"replace","start_line":42,"start_col":9,"end_line":42,"end_col":11,"text":"(_cap_io : Cap(IO))"},"labels":[],"notes":[]}
{"severity":"error","file":"errors/cap_root_broad_2.march","start_line":43,"start_col":18,"end_line":43,"end_col":28,"message":"`pid_of_int` is internal to the standard library; use `Actor.pid_from_int(cap, n)` (see `Actor.introspect`)","code":"stdlib_internal","fix":null,"labels":[],"notes":[]}
{"severity":"error","file":"errors/cap_root_broad_2.march","start_line":44,"start_col":50,"end_line":44,"end_col":51,"message":"expected `Cap(IO)` but got `ActorCap(a)`.","code":"type_mismatch","fix":null,"labels":[{"file":"errors/cap_root_broad_2.march","start_line":44,"start_col":39,"end_line":44,"end_col":52,"message":"the expected type comes from here"},{"file":"errors/cap_root_broad_2.march","start_line":44,"start_col":11,"end_line":44,"end_col":12,"message":"`c` was bound here as `ActorCap(a)`"}],"notes":["This is argument #1 of a function call."]}
