{"severity":"hint","file":"errors/cap_root_broad_3.march","start_line":26,"start_col":4,"end_line":26,"end_col":66,"message":"this function takes `Cap(IO)` (the root capability); consider narrowing to e.g. `Cap(IO.FileRead)` or `Cap(IO.Console)` for least-privilege.","code":"cap_root_broad","fix":null,"labels":[],"notes":[]}
{"severity":"error","file":"errors/cap_root_broad_3.march","start_line":26,"start_col":46,"end_line":26,"end_col":61,"message":"cap_narrow cannot produce `Cap(Db.P)` — `Cap(Db.P)` is a proof capability, not an IO capability.\nhint: a proof capability may only be minted by a public function of its declaring module via `mint_cap`; cap_narrow only attenuates IO capabilities.","code":"cap_narrow_invalid","fix":null,"labels":[],"notes":[]}
