{"severity":"error","file":"errors/cap_ceiling_1.march","start_line":3,"start_col":2,"end_line":7,"end_col":5,"message":"module `Report` uses `IO.Console` but does not declare `needs IO.Console`.\nhelp: add `needs IO.Console` to the module body.","code":"cap_ceiling:IO.Console","fix":{"kind":"insert","after_line":3,"text":"  needs IO.Console"},"labels":[],"notes":[]}
{"severity":"error","file":"errors/cap_ceiling_1.march","start_line":5,"start_col":6,"end_line":5,"end_col":13,"message":"function bodies in `Report` call builtins that require `Cap(IO.Console)`, but `Report` declares no matching `needs`.\nhint: add these to the module body —\n        needs IO.Console","code":"cap_needs:IO.Console","fix":{"kind":"insert","after_line":3,"text":"  needs IO.Console"},"labels":[],"notes":[]}
{"severity":"hint","file":"errors/cap_ceiling_1.march","start_line":5,"start_col":6,"end_line":5,"end_col":13,"message":"reached from `main`: main → show","code":"cap_needs:IO.Console","fix":null,"labels":[],"notes":[]}
