{"severity":"error","file":"errors/cap_grant_26.march","start_line":18,"start_col":2,"end_line":23,"end_col":5,"message":"`main` performs IO but declares no grant. The program reaches `IO.Console`; a `main` with no capability parameter is granted nothing.\nhelp: declare the grant `main` actually needs —\n        fn main(_cap_console : Cap(IO.Console)) : ()\nor grant everything with `fn main(cap : Cap(IO))`.\n`forge fix` can apply this.","code":"cap_grant","fix":{"kind":"replace","start_line":18,"start_col":9,"end_line":18,"end_col":11,"text":"(_cap_console : Cap(IO.Console))"},"labels":[],"notes":[]}
{"severity":"error","file":"errors/cap_grant_26.march","start_line":20,"start_col":14,"end_line":20,"end_col":37,"message":"Chan.choose: label `:maybe` is not a valid branch of this protocol.","code":"session_choice_label","fix":null,"labels":[],"notes":[]}
