{"severity":"error","file":"errors/cap_needs_7.march","start_line":14,"start_col":2,"end_line":17,"end_col":5,"message":"`Cap(IO)` used in module `Server` but `IO` is not declared in `needs`.\nhelp: add `needs IO` to the module body.","code":"cap_needs:IO","fix":{"kind":"insert","after_line":11,"text":"  needs IO"},"labels":[],"notes":[]}
{"severity":"hint","file":"errors/cap_needs_7.march","start_line":14,"start_col":2,"end_line":17,"end_col":5,"message":"this function takes `Cap(IO)` (the root capability); consider narrowing to e.g. `Cap(IO.FileRead)` or `Cap(IO.Console)` for least-privilege.","code":"cap_root_broad","fix":null,"labels":[],"notes":[]}
