{"severity":"error","file":"errors/cap_grant_27.march","start_line":17,"start_col":2,"end_line":23,"end_col":5,"message":"`main` performs IO but declares no grant. The program reaches `IO.Console`; a `main` with no capability parameter is granted nothing.\nhelp: declare the grant `main` actually needs —\n        fn main(_cap_console : Cap(IO.Console)) : ()\nor grant everything with `fn main(cap : Cap(IO))`.\n`forge fix` can apply this.","code":"cap_grant","fix":{"kind":"replace","start_line":17,"start_col":9,"end_line":17,"end_col":11,"text":"(_cap_console : Cap(IO.Console))"},"labels":[],"notes":[]}
{"severity":"error","file":"errors/cap_grant_27.march","start_line":19,"start_col":19,"end_line":19,"end_col":32,"message":"Chan.recv: channel is at `Send(Int, Recv(Int, End))` but I expected `Recv(T, ...)`.","code":"session_state_mismatch","fix":null,"labels":[],"notes":[]}
{"severity":"error","file":"errors/cap_grant_27.march","start_line":21,"start_col":4,"end_line":21,"end_col":19,"message":"Chan.close: expected a channel endpoint but got `a`.","code":"session_state_mismatch","fix":null,"labels":[],"notes":[]}
{"severity":"error","file":"errors/cap_grant_27.march","start_line":22,"start_col":4,"end_line":22,"end_col":18,"message":"Chan.close: channel is at `Recv(Int, Send(Int, End))` but I expected `End`.","code":"session_state_mismatch","fix":null,"labels":[],"notes":[]}
