exit: 1
-- ERROR ------------------- errors/codec_missing_1.march

`Node.send` needs a JSON codec for `Ping`, and none is derived. [codec_missing]
hint: add `derive Json for Ping` next to its declaration; the compiler then mints the wire type tag from it, and a receiver decodes with `from_json`.

20 |     let _ = Node.send(peer, GlobalPid.make("b", 1, 1), p)
                 ^^^^^^^^^^^^^^^^^^^^^^^^^^^^^^^^^^^^^^^^^^^^^



