{"severity":"error","file":"errors/deterministic_violation_1.march","start_line":26,"start_col":4,"end_line":26,"end_col":16,"message":"`ts` in `mod LeakyDet` (declared `cap deterministic`) calls `unix_time_ms`, which is non-deterministic.\n\nUse deterministic operations only in a `cap deterministic` module. Avoid random/time builtins.","code":"deterministic_violation","fix":null,"labels":[],"notes":[]}
