{"severity":"error","file":"errors/io_not_allowed_1.march","start_line":22,"start_col":2,"end_line":25,"end_col":5,"message":"migrate_state must be IO-free\n`counter_migrate_state` calls capabilities that need `IO.Console`.\nmigrate_state runs during the hot-migration window, before user messages.\nhint: move side effects into a normal handler that runs after migration completes.","code":"io_not_allowed","fix":null,"labels":[],"notes":[]}
