{"severity":"error","file":"errors/linear_used_twice_22.march","start_line":15,"start_col":21,"end_line":15,"end_col":22,"message":"The linear value `q` is used more than once here.\nLinear values must be consumed exactly once — they cannot be copied or ignored.","code":"linear_used_twice","fix":null,"labels":[{"file":"errors/linear_used_twice_22.march","start_line":14,"start_col":21,"end_line":14,"end_col":22,"message":"`q` was already consumed here"}],"notes":[]}
