{"severity":"error","file":"errors/linear_used_twice_9.march","start_line":17,"start_col":19,"end_line":17,"end_col":20,"message":"The linear value `s` is used more than once here.\nLinear values must be consumed exactly once — they cannot be copied or ignored.","code":"linear_used_twice","fix":null,"labels":[{"file":"errors/linear_used_twice_9.march","start_line":16,"start_col":19,"end_line":16,"end_col":20,"message":"`s` was already consumed here"}],"notes":[]}
