{"severity":"error","file":"errors/linear_never_used_23.march","start_line":16,"start_col":4,"end_line":16,"end_col":18,"message":"The linear value `x` was never used.\nLinear values must be consumed exactly once — did you mean to pass it somewhere?","code":"linear_never_used","fix":null,"labels":[],"notes":[]}
{"severity":"error","file":"errors/linear_never_used_23.march","start_line":17,"start_col":4,"end_line":17,"end_col":18,"message":"The linear value `y` was never used.\nLinear values must be consumed exactly once — did you mean to pass it somewhere?","code":"linear_never_used","fix":null,"labels":[],"notes":[]}
{"severity":"error","file":"errors/linear_never_used_23.march","start_line":17,"start_col":12,"end_line":17,"end_col":18,"message":"The linear value `p.data` is used more than once here.\nLinear values must be consumed exactly once — they cannot be copied or ignored.","code":"linear_used_twice","fix":null,"labels":[{"file":"errors/linear_never_used_23.march","start_line":16,"start_col":12,"end_line":16,"end_col":18,"message":"`p.data` was already consumed here"}],"notes":[]}
