exit: 1
-- ERROR -------------- errors/linear_never_used_22.march

The linear value `r` was never used. [linear_never_used]
Linear values must be consumed exactly once — did you mean to pass it somewhere?

7 |     linear let r : Res = R(1)
        ^^^^^^^^^^^^^^^^^^^^^^^^^

    run `march --explain linear_never_used`


