{"severity":"error","file":"errors/linear_discarded_7.march","start_line":27,"start_col":14,"end_line":27,"end_col":15,"message":"This `_` discards a linear value of type `Parked_Cons`.\nLinear values must be consumed exactly once. Bind it to a name and pass it to something that consumes it.","code":"linear_discarded","fix":null,"labels":[],"notes":[]}
{"severity":"error","file":"errors/linear_discarded_7.march","start_line":28,"start_col":10,"end_line":28,"end_col":15,"message":"The linear value `state.parked` is used more than once here.\nLinear values must be consumed exactly once — they cannot be copied or ignored.","code":"linear_used_twice","fix":null,"labels":[{"file":"errors/linear_discarded_7.march","start_line":25,"start_col":31,"end_line":25,"end_col":43,"message":"`state.parked` was already consumed here"}],"notes":["`state` is used as a whole here, which hands on every field it still holds, including this one."]}
