{"severity":"error","file":"errors/linear_used_twice_7.march","start_line":13,"start_col":17,"end_line":13,"end_col":18,"message":"The linear value `a` is used more than once here.\nLinear values must be consumed exactly once — they cannot be copied or ignored.","code":"linear_used_twice","fix":null,"labels":[{"file":"errors/linear_used_twice_7.march","start_line":12,"start_col":17,"end_line":12,"end_col":18,"message":"`a` was already consumed here"}],"notes":[]}
