{"severity":"error","file":"errors/linear_generic_param_1.march","start_line":12,"start_col":12,"end_line":12,"end_col":16,"message":"`Token` is linear, but `pass` is generic in a parameter of that type, so it may drop or duplicate the value.\nConsume the value here instead, or, if `pass` uses that parameter exactly once, mark it `linear` where `pass` is defined (`linear x : a`).","code":"linear_generic_param","fix":null,"labels":[],"notes":[]}
