exit: 1
-- ERROR -------------- errors/linear_used_twice_12.march

The linear value `s` is used more than once here. [linear_used_twice]
Linear values must be consumed exactly once — they cannot be copied or ignored.

11 |       { state with n: sink(s) + sink(s) }
                                          ^


    `s` was already consumed here:

11 |       { state with n: sink(s) + sink(s) }
                                ^
    run `march --explain linear_used_twice`


