{"severity":"error","file":"errors/linear_used_twice_6.march","start_line":20,"start_col":48,"end_line":20,"end_col":50,"message":"The linear value `st` is used more than once here.\nLinear values must be consumed exactly once — they cannot be copied or ignored.","code":"linear_used_twice","fix":null,"labels":[{"file":"errors/linear_used_twice_6.march","start_line":19,"start_col":48,"end_line":19,"end_col":50,"message":"`st` was already consumed here"}],"notes":[]}
{"severity":"error","file":"errors/linear_used_twice_6.march","start_line":21,"start_col":83,"end_line":21,"end_col":86,"message":"expected `S_end` but got `S_send_Msg_Prod_Cons_1`.","code":"type_mismatch","fix":null,"labels":[{"file":"errors/linear_used_twice_6.march","start_line":21,"start_col":62,"end_line":21,"end_col":87,"message":"the expected type comes from here"},{"file":"errors/linear_used_twice_6.march","start_line":21,"start_col":54,"end_line":21,"end_col":57,"message":"`st2` was bound here as `S_send_Msg_Prod_Cons_1`"}],"notes":["This is argument #2 of a function call.","Both are states of a generated protocol role: `S_send_Msg_Prod_Cons_1` is the state the role is in before that step, and this call is a different step. Either the protocol takes the steps in another order, or this body is written for a different role than the one it is run as (`run_<Role>` and `<Role>.register` decide which)."]}
{"severity":"error","file":"errors/linear_used_twice_6.march","start_line":22,"start_col":75,"end_line":22,"end_col":78,"message":"expected `S_end` but got `S_send_Msg_Prod_Cons_1`.","code":"type_mismatch","fix":null,"labels":[{"file":"errors/linear_used_twice_6.march","start_line":22,"start_col":54,"end_line":22,"end_col":79,"message":"the expected type comes from here"},{"file":"errors/linear_used_twice_6.march","start_line":22,"start_col":46,"end_line":22,"end_col":49,"message":"`st2` was bound here as `S_send_Msg_Prod_Cons_1`"}],"notes":["This is argument #2 of a function call.","Both are states of a generated protocol role: `S_send_Msg_Prod_Cons_1` is the state the role is in before that step, and this call is a different step. Either the protocol takes the steps in another order, or this body is written for a different role than the one it is run as (`run_<Role>` and `<Role>.register` decide which)."]}
