{"severity":"error","file":"errors/linear_used_twice_20.march","start_line":11,"start_col":35,"end_line":11,"end_col":37,"message":"The linear value `m0` is used more than once here.\nLinear values must be consumed exactly once — they cannot be copied or ignored.","code":"linear_used_twice","fix":null,"labels":[{"file":"errors/linear_used_twice_20.march","start_line":10,"start_col":32,"end_line":10,"end_col":34,"message":"`m0` was already consumed here"}],"notes":[]}
