exit: 1
-- ERROR ------------ errors/linear_generic_param_9.march

`RingBuf(a)` is linear, but `Task.async` is generic in a parameter of that type, so it may drop or duplicate the value. [linear_generic_param]
Consume the value here instead, or, if `Task.async` uses that parameter exactly once, mark it `linear` where `Task.async` is defined (`linear x : a`).

12 |     let t = Task.async(fn () -> RingBuf.make(4))
                 ^^^^^^^^^^

    run `march --explain linear_generic_param`


-- ERROR ------------ errors/linear_generic_param_9.march

`RingBuf(c)` is linear, but `Task.await` is generic in a parameter of that type, so it may drop or duplicate the value. [linear_generic_param]
Consume the value here instead, or, if `Task.await` uses that parameter exactly once, mark it `linear` where `Task.await` is defined (`linear x : a`).

13 |     let a = match Task.await(t) do
                       ^^^^^^^^^^



-- ERROR ------------ errors/linear_generic_param_9.march

`RingBuf(b)` is linear, but `Task.await` is generic in a parameter of that type, so it may drop or duplicate the value. [linear_generic_param]
Consume the value here instead, or, if `Task.await` uses that parameter exactly once, mark it `linear` where `Task.await` is defined (`linear x : a`).

17 |     let b = match Task.await(t) do
                       ^^^^^^^^^^



