exit: 1
-- ERROR -------------- errors/linear_used_twice_23.march

The linear value `r` is used more than once here. [linear_used_twice]
Linear values must be consumed exactly once — they cannot be copied or ignored.

17 |     let b = take(r)
                      ^


    `r` was already consumed here:

14 |     let a = match r do
                       ^
    run `march --explain linear_used_twice`


