{"severity":"error","file":"errors/linear_captured_6.march","start_line":9,"start_col":18,"end_line":11,"end_col":38,"message":"The linear value `rb` cannot be captured by a closure.\nA closure may be called multiple times, which would violate the exactly-once guarantee.\nPass `rb` as a parameter to the closure instead.","code":"linear_captured","fix":null,"labels":[],"notes":[]}
{"severity":"error","file":"errors/linear_captured_6.march","start_line":10,"start_col":10,"end_line":10,"end_col":11,"message":"This `_` discards a linear value of type `RingBuf(Int)`.\nLinear values must be consumed exactly once. Bind it to a name and pass it to something that consumes it.","code":"linear_discarded","fix":null,"labels":[],"notes":[]}
