{"severity":"error","file":"errors/linear_never_used_19.march","start_line":24,"start_col":4,"end_line":24,"end_col":60,"message":"The linear value `_st2` was never used.\nLinear values must be consumed exactly once — did you mean to pass it somewhere?","code":"linear_never_used","fix":null,"labels":[],"notes":[]}
{"severity":"error","file":"errors/linear_never_used_19.march","start_line":24,"start_col":51,"end_line":24,"end_col":53,"message":"The linear value `st` is used more than once here.\nLinear values must be consumed exactly once — they cannot be copied or ignored.","code":"linear_used_twice","fix":null,"labels":[{"file":"errors/linear_never_used_19.march","start_line":23,"start_col":50,"end_line":23,"end_col":52,"message":"`st` was already consumed here"}],"notes":[]}
