{"severity":"error","file":"errors/linear_discarded_2.march","start_line":9,"start_col":8,"end_line":9,"end_col":9,"message":"This `_` discards a linear value of type `S1`.\nLinear values must be consumed exactly once. Bind it to a name and pass it to something that consumes it.","code":"linear_discarded","fix":null,"labels":[],"notes":[]}
