{"severity":"error","file":"errors/linear_used_twice_15.march","start_line":13,"start_col":34,"end_line":13,"end_col":35,"message":"The linear value `r.st` is used more than once here.\nLinear values must be consumed exactly once — they cannot be copied or ignored.","code":"linear_used_twice","fix":null,"labels":[{"file":"errors/linear_used_twice_15.march","start_line":12,"start_col":17,"end_line":12,"end_col":21,"message":"`r.st` was already consumed here"}],"notes":["`r` is used as a whole here, which hands on every field it still holds, including this one."]}
