{"severity":"error","file":"errors/linear_used_twice_26.march","start_line":26,"start_col":24,"end_line":26,"end_col":26,"message":"The affine value `ch` is used more than once here.\nAffine values may be used at most once.","code":"linear_used_twice","fix":null,"labels":[{"file":"errors/linear_used_twice_26.march","start_line":25,"start_col":24,"end_line":25,"end_col":26,"message":"`ch` was already consumed here"}],"notes":[]}
{"severity":"error","file":"errors/linear_used_twice_26.march","start_line":31,"start_col":2,"end_line":37,"end_col":5,"message":"`main` performs IO but declares no grant. The program reaches `IO.Console`; a `main` with no capability parameter is granted nothing.\nhelp: declare the grant `main` actually needs —\n        fn main(_cap_console : Cap(IO.Console)) : ()\nor grant everything with `fn main(cap : Cap(IO))`.\n`forge fix` can apply this.","code":"cap_grant","fix":{"kind":"replace","start_line":31,"start_col":9,"end_line":31,"end_col":11,"text":"(_cap_console : Cap(IO.Console))"},"labels":[],"notes":[]}
