{"severity":"error","file":"errors/linear_generic_param_7.march","start_line":11,"start_col":17,"end_line":11,"end_col":20,"message":"`RingBuf(Int)` is linear, but `dup` is generic in a parameter of that type, so it may drop or duplicate the value.\nConsume the value here instead, or, if `dup` uses that parameter exactly once, mark it `linear` where `dup` is defined (`linear x : a`).","code":"linear_generic_param","fix":null,"labels":[],"notes":[]}
