{"severity":"error","file":"errors/linear_captured_2.march","start_line":11,"start_col":31,"end_line":11,"end_col":50,"message":"The linear value `s` cannot be captured by a closure.\nA closure may be called multiple times, which would violate the exactly-once guarantee.\nPass `s` as a parameter to the closure instead.","code":"linear_captured","fix":null,"labels":[],"notes":[]}
