exit: 1
-- ERROR --------------- errors/linear_discarded_10.march

This `_` discards a linear value of type `Option(S1)`. [linear_discarded]
Linear values must be consumed exactly once. Bind it to a name and pass it to something that consumes it.

10 |     let (_, n) = (Some(S1(1)), 2)
              ^

    run `march --explain linear_discarded`


