{"severity":"error","file":"errors/linear_captured_4.march","start_line":13,"start_col":24,"end_line":13,"end_col":66,"message":"The linear value `rb` cannot be captured by a closure.\nA closure may be called multiple times, which would violate the exactly-once guarantee.\nPass `rb` as a parameter to the closure instead.","code":"linear_captured","fix":null,"labels":[],"notes":[]}
{"severity":"error","file":"errors/linear_captured_4.march","start_line":14,"start_col":59,"end_line":14,"end_col":61,"message":"The linear value `rb` is used more than once here.\nLinear values must be consumed exactly once — they cannot be copied or ignored.","code":"linear_used_twice","fix":null,"labels":[{"file":"errors/linear_captured_4.march","start_line":13,"start_col":59,"end_line":13,"end_col":61,"message":"`rb` was already consumed here"}],"notes":[]}
