exit: 1
-- ERROR ---------------- errors/linear_discarded_7.march

This `_` discards a linear value of type `Parked_Cons`. [linear_discarded]
Linear values must be consumed exactly once. Bind it to a name and pass it to something that consumes it.

27 |           let _ = Stream_Cons.finish(s, Stream_Cons.choose_done(s, st, true))
                   ^

    run `march --explain linear_discarded`


-- ERROR ---------------- errors/linear_discarded_7.march

The linear value `state.parked` is used more than once here. [linear_used_twice]
Linear values must be consumed exactly once — they cannot be copied or ignored.

28 |           state
               ^^^^^

    `state` is used as a whole here, which hands on every field it still holds, including this one.

    `state.parked` was already consumed here:

25 |       match Stream_Cons.resume(state.parked, from, msg, ep) do
                                    ^^^^^^^^^^^^
    run `march --explain linear_used_twice`


