{"severity":"error","file":"errors/linear_used_twice_19.march","start_line":16,"start_col":46,"end_line":16,"end_col":52,"message":"The linear value `r.slot` is used more than once here.\nLinear values must be consumed exactly once — they cannot be copied or ignored.","code":"linear_used_twice","fix":null,"labels":[{"file":"errors/linear_used_twice_19.march","start_line":16,"start_col":31,"end_line":16,"end_col":37,"message":"`r.slot` was already consumed here"}],"notes":[]}
