exit: 1
-- ERROR ---------------- errors/linear_discarded_9.march

This `_` discards a linear value of type `LinearMap(Int, S1)`. [linear_discarded]
Linear values must be consumed exactly once. Bind it to a name and pass it to something that consumes it.

16 |       Err(_) -> 1
               ^

    run `march --explain linear_discarded`


