{"severity":"error","file":"errors/linear_never_used_21.march","start_line":7,"start_col":2,"end_line":9,"end_col":5,"message":"The linear value `r` was never used.\nLinear values must be consumed exactly once — did you mean to pass it somewhere?","code":"linear_never_used","fix":null,"labels":[],"notes":[]}
{"severity":"warning","file":"errors/linear_never_used_21.march","start_line":7,"start_col":16,"end_line":7,"end_col":17,"message":"Unused variable `r`.\nUse `_` to mark intentionally unused params.","code":"unused_binding","fix":{"kind":"replace","start_line":7,"start_col":16,"end_line":7,"end_col":17,"text":"_r"},"labels":[],"notes":[]}
