{"severity":"error","file":"errors/linear_never_used_6.march","start_line":7,"start_col":12,"end_line":7,"end_col":29,"message":"The linear value `st` was never used.\nLinear values must be consumed exactly once — did you mean to pass it somewhere?","code":"linear_never_used","fix":null,"labels":[],"notes":[]}
