{"severity":"error","file":"errors/linear_used_twice_25.march","start_line":23,"start_col":17,"end_line":23,"end_col":18,"message":"The linear value `r` is used more than once here.\nLinear values must be consumed exactly once — they cannot be copied or ignored.","code":"linear_used_twice","fix":null,"labels":[{"file":"errors/linear_used_twice_25.march","start_line":22,"start_col":23,"end_line":22,"end_col":24,"message":"`r` was already consumed here"}],"notes":[]}
