{"severity":"error","file":"errors/linear_used_twice_21.march","start_line":23,"start_col":30,"end_line":23,"end_col":32,"message":"The linear value `rb` is used more than once here.\nLinear values must be consumed exactly once — they cannot be copied or ignored.","code":"linear_used_twice","fix":null,"labels":[{"file":"errors/linear_used_twice_21.march","start_line":22,"start_col":25,"end_line":22,"end_col":27,"message":"`rb` was already consumed here"}],"notes":[]}
