{"severity":"error","file":"errors/linear_captured_7.march","start_line":14,"start_col":12,"end_line":14,"end_col":25,"message":"The linear value `r` cannot be captured by a closure.\nA closure may be called multiple times, which would violate the exactly-once guarantee.\nPass `r` as a parameter to the closure instead.","code":"linear_captured","fix":null,"labels":[],"notes":[]}
