{"severity":"error","file":"errors/linear_used_twice_11.march","start_line":8,"start_col":37,"end_line":8,"end_col":39,"message":"The linear value `st` is used more than once here.\nLinear values must be consumed exactly once — they cannot be copied or ignored.","code":"linear_used_twice","fix":null,"labels":[{"file":"errors/linear_used_twice_11.march","start_line":8,"start_col":26,"end_line":8,"end_col":28,"message":"`st` was already consumed here"}],"notes":[]}
