{"severity":"error","file":"errors/linear_never_used_16.march","start_line":11,"start_col":49,"end_line":11,"end_col":70,"message":"The linear value `a` was never used.\nLinear values must be consumed exactly once — did you mean to pass it somewhere?","code":"linear_never_used","fix":null,"labels":[],"notes":[]}
{"severity":"error","file":"errors/linear_never_used_16.march","start_line":11,"start_col":57,"end_line":11,"end_col":70,"message":"The linear value `b` was never used.\nLinear values must be consumed exactly once — did you mean to pass it somewhere?","code":"linear_never_used","fix":null,"labels":[],"notes":[]}
{"severity":"error","file":"errors/linear_never_used_16.march","start_line":12,"start_col":18,"end_line":12,"end_col":31,"message":"`S1` is linear, but `LinearMap.put` is generic in a parameter of that type, so it may drop or duplicate the value.\nConsume the value here instead, or, if `LinearMap.put` uses that parameter exactly once, mark it `linear` where `LinearMap.put` is defined (`linear x : a`).","code":"linear_generic_param","fix":null,"labels":[],"notes":[]}
{"severity":"error","file":"errors/linear_never_used_16.march","start_line":17,"start_col":30,"end_line":17,"end_col":45,"message":"`S1` is linear, but `LinearMap.drain` is generic in a parameter of that type, so it may drop or duplicate the value.\nConsume the value here instead, or, if `LinearMap.drain` uses that parameter exactly once, mark it `linear` where `LinearMap.drain` is defined (`linear x : a`).","code":"linear_generic_param","fix":null,"labels":[],"notes":[]}
