{"severity":"error","file":"errors/linear_unconsumed_early_return_1.march","start_line":10,"start_col":4,"end_line":10,"end_col":18,"message":"The linear value `st` is still unconsumed when `let?` returns early on `Err`.\nOn that path the value is dropped. Consume it before the `let?`, or match on the result and consume it on the `Err` branch too.","code":"linear_unconsumed_early_return","fix":null,"labels":[],"notes":[]}
