{"severity":"error","file":"errors/linear_never_used_9.march","start_line":9,"start_col":4,"end_line":9,"end_col":35,"message":"The linear value `r.st` was never used.\nLinear values must be consumed exactly once — did you mean to pass it somewhere?","code":"linear_never_used","fix":null,"labels":[],"notes":[]}
