{"severity":"error","file":"errors/linear_never_used_18.march","start_line":11,"start_col":30,"end_line":11,"end_col":39,"message":"The linear value `s` was never used.\nLinear values must be consumed exactly once — did you mean to pass it somewhere?","code":"linear_never_used","fix":null,"labels":[],"notes":[]}
