{"severity":"error","file":"errors/linear_captured_5.march","start_line":18,"start_col":16,"end_line":18,"end_col":43,"message":"The linear value `rb` cannot be captured by a closure.\nA closure may be called multiple times, which would violate the exactly-once guarantee.\nPass `rb` as a parameter to the closure instead.","code":"linear_captured","fix":null,"labels":[],"notes":[]}
