{"severity":"error","file":"errors/linear_generic_param_5.march","start_line":10,"start_col":21,"end_line":10,"end_col":22,"message":"`y` has type `a`, which holds a type variable that a `linear` parameter of `f` opts in to linear values, so a caller may pass a linear value here too.  Mark it `linear y` (or `affine y`) so the body is checked to use it once.","code":"linear_generic_param","fix":null,"labels":[],"notes":[]}
