exit: 1
-- ERROR --------------- errors/linear_never_used_5.march

The linear value `st` was never used. [linear_never_used]
Linear values must be consumed exactly once — did you mean to pass it somewhere?

11 |     println(int_to_string(run(fn st -> 0)))
                                   ^^^^^^^^^^

    run `march --explain linear_never_used`


