{"severity":"error","file":"errors/linear_used_twice_27.march","start_line":9,"start_col":13,"end_line":9,"end_col":19,"message":"The linear value `p.data` is used more than once here.\nLinear values must be consumed exactly once — they cannot be copied or ignored.","code":"linear_used_twice","fix":null,"labels":[{"file":"errors/linear_used_twice_27.march","start_line":9,"start_col":4,"end_line":9,"end_col":10,"message":"`p.data` was already consumed here"}],"notes":[]}
