{"severity":"error","file":"errors/linear_used_twice_4.march","start_line":27,"start_col":17,"end_line":27,"end_col":19,"message":"The linear value `rb` is used more than once here.\nLinear values must be consumed exactly once — they cannot be copied or ignored.","code":"linear_used_twice","fix":null,"labels":[{"file":"errors/linear_used_twice_4.march","start_line":23,"start_col":30,"end_line":23,"end_col":32,"message":"`rb` was already consumed here"}],"notes":[]}
