exit: 1
errors/main_signature_1.march:13:2: error: `main` must take zero arguments, or only arguments of type `Cap(IO)` (or narrower points of the IO lattice, e.g. `Cap(IO.Console)`) — the capabilities the runtime GRANTS the program at startup; the whole program is then held to their union. [main_signature]
Found 2 parameters, 1 of which is not a capability.
help: use `fn main() : () do ... end`, `fn main(cap : Cap(IO)) : () do ... end` for full IO, or e.g. `fn main(console : Cap(IO.Console), spawn : Cap(IO.Spawn)) : () do ... end` to grant exactly what the program needs.
