{"severity":"error","file":"errors/module_keyword_2.march","start_line":3,"start_col":2,"end_line":3,"end_col":8,"message":"`module` is spelled `mod` in March:","code":"module_keyword","fix":{"kind":"replace","start_line":3,"start_col":2,"end_line":3,"end_col":8,"text":"mod"},"labels":[],"notes":["mod Name do\n    ...\nend"]}
