{"severity":"error","file":"errors/no_panic_violation_2.march","start_line":20,"start_col":10,"end_line":22,"end_col":7,"message":"`get` in `mod Guarded` (declared `cap no_panic`) contains a non-exhaustive `match`, which panics at runtime when no clause matches.\n\nA `cap no_panic` module must handle every case, or add a `_ -> ...` catch-all arm.","code":"no_panic_violation","fix":null,"labels":[],"notes":[]}
{"severity":"warning","file":"errors/no_panic_violation_2.march","start_line":20,"start_col":10,"end_line":22,"end_col":7,"message":"Non-exhaustive pattern match — missing case: None","code":"non_exhaustive_match","fix":null,"labels":[],"notes":["Add a branch for this case, or use `_ -> ...` as a catch-all."]}
