{"severity":"error","file":"errors/or_pattern_binding_1.march","start_line":10,"start_col":6,"end_line":10,"end_col":17,"message":"Or-pattern alternatives must bind the same variables.","code":"or_pattern_binding","fix":null,"labels":[],"notes":["bound by an earlier alternative only: `x`; bound by a later alternative only: `y`","Every alternative of `p1 | p2` shares one arm body, so a name bound by only some alternatives would be undefined when the others match.","Bind the same names in every alternative, split this into separate arms, or match the common shape and test the difference in a `when` guard."]}
{"severity":"error","file":"errors/or_pattern_binding_1.march","start_line":10,"start_col":25,"end_line":10,"end_col":26,"message":"I cannot find `y`. Did you mean `%`?","code":"unbound_variable","fix":null,"labels":[],"notes":[]}
