{"severity":"error","file":"<none>","start_line":29,"start_col":219740292,"end_line":29,"end_col":328109790,"message":"Overlapping implementation: `impl JsonTo(Stream_Message)` conflicts with the implementation at <none>:29:945777875 — their heads overlap.\nA type may implement an interface at most once (coherence). If you meant a different behavior, wrap the type in a newtype and implement the interface on that.","code":"overlapping_impl","fix":null,"labels":[],"notes":[]}
{"severity":"error","file":"<none>","start_line":126,"start_col":135015876,"end_line":126,"end_col":376956967,"message":"Overlapping implementation: `impl JsonFrom(Stream_Message)` conflicts with the implementation at <none>:126:763007762 — their heads overlap.\nA type may implement an interface at most once (coherence). If you meant a different behavior, wrap the type in a newtype and implement the interface on that.","code":"overlapping_impl","fix":null,"labels":[],"notes":[]}
