{"severity":"error","file":"errors/parse_error_16.march","start_line":3,"start_col":2,"end_line":3,"end_col":4,"message":"This `fn` (line 3) has no matching `end`.","code":"parse_error","fix":{"kind":"insert","after_line":4,"text":"  end"},"labels":[],"notes":["I only noticed at the end of the file."]}
