{"severity":"error","file":"errors/parse_error_6.march","start_line":8,"start_col":0,"end_line":8,"end_col":3,"message":"A file may have only one top-level `mod`; everything else must live inside it.","code":"parse_error","fix":null,"labels":[],"notes":["mod Name do\n    fn helper() do ... end\n    fn main() do ... end\nend"]}
