{"severity":"error","file":"errors/proof_cap_mint_private_1.march","start_line":17,"start_col":2,"end_line":19,"end_col":5,"message":"private function `run_migrations` in `Db` cannot mint `Cap(Db.Migrated)`.\nOnly public functions of `Db` can construct `Cap(Db.Migrated)`.\nhint: make this function public, or accept `Cap(Db.Migrated)` as a parameter and pass it through.","code":"proof_cap_mint_private","fix":null,"labels":[],"notes":[]}
{"severity":"error","file":"errors/proof_cap_mint_private_1.march","start_line":18,"start_col":4,"end_line":18,"end_col":17,"message":"mint_cap `Cap(Db.Migrated)` is only allowed inside a public function of its declaring module `Db`.\nhint: to obtain `Cap(Db.Migrated)` elsewhere, receive it as a parameter and pass it through, or call a public factory in `Db`.","code":"mint_cap_invalid","fix":null,"labels":[],"notes":[]}
