{"severity":"error","file":"errors/proof_cap_return_1.march","start_line":23,"start_col":4,"end_line":23,"end_col":59,"message":"function `make` returns `Cap(Db.P)` but `Cap(Db.P)` is a proof capability declared in `Db`.\nOnly public functions of `Db` can construct `Cap(Db.P)`.\nhint: accept `Cap(Db.P)` as a parameter and pass it through, or call a factory in `Db`.","code":"proof_cap_return","fix":null,"labels":[],"notes":[]}
{"severity":"hint","file":"errors/proof_cap_return_1.march","start_line":23,"start_col":4,"end_line":23,"end_col":59,"message":"this function takes `Cap(IO)` (the root capability); consider narrowing to e.g. `Cap(IO.FileRead)` or `Cap(IO.Console)` for least-privilege.","code":"cap_root_broad","fix":null,"labels":[],"notes":[]}
{"severity":"error","file":"errors/proof_cap_return_1.march","start_line":23,"start_col":42,"end_line":23,"end_col":55,"message":"mint_cap `Cap(Db.P)` is only allowed inside a public function of its declaring module `Db`.\nhint: to obtain `Cap(Db.P)` elsewhere, receive it as a parameter and pass it through, or call a public factory in `Db`.","code":"mint_cap_invalid","fix":null,"labels":[],"notes":[]}
