{"severity":"error","file":"errors/refinement_violated_8.march","start_line":34,"start_col":6,"end_line":34,"end_col":15,"message":"refinement violation: argument `xs` of `inner` does not satisfy precondition `len(_) > 0` (e.g. ys = [])\nnote: guard the call (e.g. `if len(_) > 0 do …`) or pass a value known to satisfy it","code":"refinement_violated","fix":null,"labels":[{"file":"errors/refinement_violated_8.march","start_line":34,"start_col":12,"end_line":34,"end_col":14,"message":"this argument must satisfy `len(_) > 0`"}],"notes":[]}
