exit: 1
-- ERROR ------------- errors/refinement_violated_7.march

refinement violation: argument `xs` of `head_of` does not satisfy precondition `len(_) > 0` (e.g. ys = []) [refinement_violated]
note: guard the call (e.g. `if len(_) > 0 do …`) or pass a value known to satisfy it

27 |       head_of(ys)
           ^^^^^^^^^^^


    this argument must satisfy `len(_) > 0`:

27 |       head_of(ys)
                   ^^
    run `march --explain refinement_violated`


