{"severity":"error","file":"errors/refinement_violated_11.march","start_line":40,"start_col":4,"end_line":40,"end_col":23,"message":"refinement violation: argument `n` of `bump` does not satisfy precondition `_ > 0`\nnote: guard the call (e.g. `if _ > 0 do …`) or pass a value known to satisfy it","code":"refinement_violated","fix":null,"labels":[{"file":"errors/refinement_violated_11.march","start_line":40,"start_col":17,"end_line":40,"end_col":22,"message":"this argument must satisfy `_ > 0`"}],"notes":[]}
