exit: 1
-- ERROR ------------ errors/refinement_violated_11.march

refinement violation: argument `n` of `bump` does not satisfy precondition `_ > 0` [refinement_violated]
note: guard the call (e.g. `if _ > 0 do …`) or pass a value known to satisfy it

40 |     bump(Box(1), 0 - 5)
         ^^^^^^^^^^^^^^^^^^^


    this argument must satisfy `_ > 0`:

40 |     bump(Box(1), 0 - 5)
                      ^^^^^
    run `march --explain refinement_violated`


