{"severity":"error","file":"errors/refinement_violated_12.march","start_line":21,"start_col":4,"end_line":21,"end_col":26,"message":"refinement violation: argument `n` of `List.nth` does not satisfy precondition `_ >= 0 && _ < len(xs)`\nnote: guard the call (e.g. `if _ >= 0 && _ < len(xs) do …`) or pass a value known to satisfy it","code":"refinement_violated","fix":null,"labels":[{"file":"errors/refinement_violated_12.march","start_line":21,"start_col":24,"end_line":21,"end_col":25,"message":"this argument must satisfy `_ >= 0 && _ < len(xs)`"}],"notes":[]}
