exit: 1
-- ERROR ------------- errors/refinement_violated_9.march

refinement violation: argument `o` of `inner` does not satisfy precondition `is_Some(_)` (e.g. p = None) [refinement_violated]
note: guard the call (e.g. `if is_Some(_) do …`) or pass a value known to satisfy it

33 |       None    -> inner(p)
                      ^^^^^^^^


    this argument must satisfy `is_Some(_)`:

33 |       None    -> inner(p)
                            ^
    run `march --explain refinement_violated`


