{"severity":"error","file":"errors/refinement_unverified_1.march","start_line":41,"start_col":2,"end_line":43,"end_col":5,"message":"`cap verified` module: cannot verify return type constraint `_ >= 0` on `mk` (unreflectable-subject: the return expression `av(z)` could not be translated to SMT, so no goal was built)\nnote: strengthen the return expression so the checker can see it satisfies this contract, rewrite the predicate into the fragment the checker supports, or remove `cap verified` from this module — it asks for every obligation to be discharged","code":"refinement_unverified","fix":null,"labels":[],"notes":[]}
