{"severity":"error","file":"errors/refinement_violated_9.march","start_line":33,"start_col":17,"end_line":33,"end_col":25,"message":"refinement violation: argument `o` of `inner` does not satisfy precondition `is_Some(_)` (e.g. p = None)\nnote: guard the call (e.g. `if is_Some(_) do …`) or pass a value known to satisfy it","code":"refinement_violated","fix":null,"labels":[{"file":"errors/refinement_violated_9.march","start_line":33,"start_col":23,"end_line":33,"end_col":24,"message":"this argument must satisfy `is_Some(_)`"}],"notes":[]}
