{"severity":"error","file":"errors/refinement_violated_13.march","start_line":21,"start_col":32,"end_line":21,"end_col":38,"message":"refinement violation: the expected function type's domain, where `take_n` is passed, does not satisfy its parameter refinement `_ >= 0` (e.g. (cb_x) = -1)\nnote: a function is passed where a function type is expected only if that type's domain implies the function's own parameter refinement for EVERY value — refine the expected domain so it implies `_ >= 0`, or weaken the passed function's refinement","code":"refinement_violated","fix":null,"labels":[],"notes":[]}
