{"severity":"error","file":"errors/refinement_violated_5.march","start_line":20,"start_col":4,"end_line":20,"end_col":12,"message":"refinement violation: argument `xs` of `last` does not satisfy precondition `len(v) > 0`\nnote: guard the call (e.g. `if len(v) > 0 do …`) or pass a value known to satisfy it","code":"refinement_violated","fix":null,"labels":[{"file":"errors/refinement_violated_5.march","start_line":20,"start_col":9,"end_line":20,"end_col":11,"message":"this argument must satisfy `len(v) > 0`"}],"notes":[]}
