{"severity":"error","file":"errors/refinement_violated_10.march","start_line":30,"start_col":4,"end_line":30,"end_col":16,"message":"refinement violation: argument `n` of `inner` does not satisfy precondition `_ > 0`\nnote: guard the call (e.g. `if _ > 0 do …`) or pass a value known to satisfy it","code":"refinement_violated","fix":null,"labels":[{"file":"errors/refinement_violated_10.march","start_line":30,"start_col":10,"end_line":30,"end_col":15,"message":"this argument must satisfy `_ > 0`"}],"notes":[]}
