exit: 1
-- ERROR ------------- errors/refinement_violated_2.march

refinement violation: argument `$cb_arg` of `f` does not satisfy precondition `_ >= 0` [refinement_violated]
note: guard the call (e.g. `if _ >= 0 do …`) or pass a value known to satisfy it

10 |   fn ap(f : ({Int | _ >= 0}) -> Int) : Int do f(-3) end
                                                   ^^^^^


    this argument must satisfy `_ >= 0`:

10 |   fn ap(f : ({Int | _ >= 0}) -> Int) : Int do f(-3) end
                                                     ^^
    run `march --explain refinement_violated`


