{"severity":"error","file":"errors/refinement_violated_3.march","start_line":14,"start_col":4,"end_line":14,"end_col":9,"message":"refinement violation: argument `k` of `g` does not satisfy precondition `_ >= 0`\nnote: guard the call (e.g. `if _ >= 0 do …`) or pass a value known to satisfy it","code":"refinement_violated","fix":null,"labels":[{"file":"errors/refinement_violated_3.march","start_line":14,"start_col":6,"end_line":14,"end_col":8,"message":"this argument must satisfy `_ >= 0`"}],"notes":[]}
