{"severity":"error","file":"errors/refinement_violated_1.march","start_line":6,"start_col":26,"end_line":6,"end_col":41,"message":"refinement violation: argument `b` of `safe_div` does not satisfy precondition `_ != 0`\nnote: guard the call (e.g. `if _ != 0 do …`) or pass a value known to satisfy it","code":"refinement_violated","fix":null,"labels":[{"file":"errors/refinement_violated_1.march","start_line":6,"start_col":39,"end_line":6,"end_col":40,"message":"this argument must satisfy `_ != 0`"}],"notes":[]}
