{"severity":"error","file":"errors/return_refinement_violated_1.march","start_line":11,"start_col":2,"end_line":13,"end_col":5,"message":"`bad` does not satisfy its return type constraint on all code paths.\n\nThe return type requires:\n\n    _ >= 0\n\nA counterexample was found:\n\n    n = -1","code":"return_refinement_violated","fix":null,"labels":[],"notes":["Every branch must produce a return value satisfying `_ >= 0`."]}
{"severity":"error","file":"errors/return_refinement_violated_1.march","start_line":14,"start_col":2,"end_line":16,"end_col":5,"message":"`main` performs IO but declares no grant. The program reaches `IO.Console`; a `main` with no capability parameter is granted nothing.\nhelp: declare the grant `main` actually needs —\n        fn main(_cap_console : Cap(IO.Console)) : ()\nor grant everything with `fn main(cap : Cap(IO))`.\n`forge fix` can apply this.","code":"cap_grant","fix":{"kind":"replace","start_line":14,"start_col":9,"end_line":14,"end_col":11,"text":"(_cap_console : Cap(IO.Console))"},"labels":[],"notes":[]}
