exit: 1
-- ERROR -------------- errors/role_needs_invalid_3.march

Protocol `Logging`: `C` has crashed, so it cannot take part in the crash branch of `C -> I : ...`. [role_needs_invalid]

13 |     C -> I : String
         ^^^^^^^^^^^^^^^



-- ERROR -------------- errors/role_needs_invalid_3.march

Protocol `Logging`: `C` has crashed, so it cannot take part in its own crash branch (`I -> C : ...`). [role_needs_invalid]

16 |         I -> C : Bool
                  ^



