{"severity":"error","file":"errors/type_mismatch_3.march","start_line":4,"start_col":30,"end_line":4,"end_col":34,"message":"expected `Int` but got `String`.","code":"type_mismatch","fix":null,"labels":[{"file":"errors/type_mismatch_3.march","start_line":4,"start_col":23,"end_line":4,"end_col":24,"message":"the expected type comes from here"}],"notes":["Both branches of an if expression must return the same type."]}
