{"severity":"error","file":"errors/type_mismatch_20.march","start_line":8,"start_col":4,"end_line":8,"end_col":16,"message":"expected `Result(Int, String)` but got `Int`.","code":"type_mismatch","fix":null,"labels":[{"file":"errors/type_mismatch_20.march","start_line":7,"start_col":2,"end_line":10,"end_col":5,"message":"the expected type comes from here"}],"notes":["This is the declared return type of `bad`."]}
{"severity":"error","file":"errors/type_mismatch_20.march","start_line":8,"start_col":4,"end_line":8,"end_col":16,"message":"expected `Result(a, String)` but got `Int`.","code":"type_mismatch","fix":null,"labels":[],"notes":["The code after `let?` must produce a Result with the same error type."]}
