{"severity":"error","file":"errors/type_mismatch_17.march","start_line":24,"start_col":35,"end_line":24,"end_col":48,"message":"expected `Int` but got `String`.","code":"type_mismatch","fix":null,"labels":[{"file":"errors/type_mismatch_17.march","start_line":24,"start_col":25,"end_line":24,"end_col":49,"message":"the expected type comes from here"}],"notes":["This is argument #1 of a function call."]}
