{"severity":"error","file":"errors/type_mismatch_9.march","start_line":20,"start_col":25,"end_line":20,"end_col":27,"message":"expected `S_end` but got `S_send_Msg_Prod_Cons_1`.","code":"type_mismatch","fix":null,"labels":[{"file":"errors/type_mismatch_9.march","start_line":20,"start_col":4,"end_line":20,"end_col":28,"message":"the expected type comes from here"}],"notes":["This is argument #2 of a function call.","Both are states of a generated protocol role: `S_send_Msg_Prod_Cons_1` is the state the role is in before that step, and this call is a different step. Either the protocol takes the steps in another order, or this body is written for a different role than the one it is run as (`run_<Role>` and `<Role>.register` decide which)."]}
