{"severity":"error","file":"errors/type_mismatch_15.march","start_line":19,"start_col":28,"end_line":19,"end_col":40,"message":"expected `Int` but got `String`.","code":"type_mismatch","fix":null,"labels":[],"notes":["Payload type of Chan.send"]}
{"severity":"error","file":"errors/type_mismatch_15.march","start_line":20,"start_col":4,"end_line":20,"end_col":19,"message":"Chan.close: channel is at `Recv(Int, End)` but I expected `End`.","code":"session_state_mismatch","fix":null,"labels":[],"notes":[]}
{"severity":"error","file":"errors/type_mismatch_15.march","start_line":21,"start_col":4,"end_line":21,"end_col":18,"message":"Chan.close: channel is at `Recv(Int, Send(Int, End))` but I expected `End`.","code":"session_state_mismatch","fix":null,"labels":[],"notes":[]}
