{"severity":"error","file":"errors/type_mismatch_23.march","start_line":9,"start_col":32,"end_line":9,"end_col":37,"message":"expected `Int` but got `String`.","code":"type_mismatch","fix":null,"labels":[{"file":"errors/type_mismatch_23.march","start_line":9,"start_col":26,"end_line":9,"end_col":38,"message":"the expected type comes from here"},{"file":"errors/type_mismatch_23.march","start_line":8,"start_col":8,"end_line":8,"end_col":13,"message":"`names` was bound here as `List(String)`"}],"notes":["This is argument #1 of a function call."]}
