{"severity":"error","file":"errors/type_mismatch_1.march","start_line":4,"start_col":15,"end_line":4,"end_col":16,"message":"expected `String` but got `Int`.","code":"type_mismatch","fix":null,"labels":[{"file":"errors/type_mismatch_1.march","start_line":4,"start_col":4,"end_line":4,"end_col":16,"message":"the expected type comes from here"}],"notes":["This is argument #2 of a function call.","Use `int_to_string(x)` to convert an Int to a String."]}
