{"severity":"error","file":"errors/type_mismatch_18.march","start_line":20,"start_col":32,"end_line":20,"end_col":43,"message":"expected `String` but got `Int`.","code":"type_mismatch","fix":null,"labels":[{"file":"errors/type_mismatch_18.march","start_line":20,"start_col":23,"end_line":20,"end_col":44,"message":"the expected type comes from here"}],"notes":["This is argument #1 of a function call.","Use `int_to_string(x)` to convert an Int to a String."]}
