{"severity":"error","file":"errors/type_mismatch_2.march","start_line":3,"start_col":25,"end_line":3,"end_col":34,"message":"expected `Int` but got `String`.","code":"type_mismatch","fix":null,"labels":[{"file":"errors/type_mismatch_2.march","start_line":3,"start_col":2,"end_line":3,"end_col":38,"message":"the expected type comes from here"}],"notes":["This is the declared return type of `f`."]}
{"severity":"error","file":"errors/type_mismatch_2.march","start_line":3,"start_col":25,"end_line":3,"end_col":26,"message":"expected `String` but got `Int`.","code":"type_mismatch","fix":null,"labels":[{"file":"errors/type_mismatch_2.march","start_line":3,"start_col":25,"end_line":3,"end_col":34,"message":"the expected type comes from here"}],"notes":["This is argument #1 of a function call.","Use `int_to_string(x)` to convert an Int to a String."]}
