{"severity":"error","file":"errors/type_mismatch_8.march","start_line":18,"start_col":26,"end_line":18,"end_col":27,"message":"expected `Pid(a)` but got `Int`.","code":"type_mismatch","fix":null,"labels":[{"file":"errors/type_mismatch_8.march","start_line":18,"start_col":17,"end_line":18,"end_col":28,"message":"the expected type comes from here"},{"file":"errors/type_mismatch_8.march","start_line":18,"start_col":11,"end_line":18,"end_col":12,"message":"`p` was bound here as `Int`"}],"notes":["This is argument #1 of a function call."]}
