{"severity":"error","file":"errors/type_mismatch_22.march","start_line":5,"start_col":8,"end_line":5,"end_col":9,"message":"expected `Int` but got `String`.","code":"type_mismatch","fix":null,"labels":[{"file":"errors/type_mismatch_22.march","start_line":5,"start_col":4,"end_line":5,"end_col":9,"message":"the expected type comes from here"},{"file":"errors/type_mismatch_22.march","start_line":4,"start_col":8,"end_line":4,"end_col":9,"message":"`s` was bound here as `String`"}],"notes":["This is argument #2 of a function call."]}
