{"severity":"error","file":"errors/type_mismatch_11.march","start_line":7,"start_col":16,"end_line":7,"end_col":23,"message":"expected `Int` but got `String`.","code":"type_mismatch","fix":null,"labels":[{"file":"errors/type_mismatch_11.march","start_line":7,"start_col":2,"end_line":7,"end_col":23,"message":"the expected type comes from here"}],"notes":["I got this expectation from the type annotation."]}
