exit: 1
-- ERROR ------------- errors/unknown_constructor_1.march

I don't know a constructor called `LinearMapRep`. [unknown_constructor]
Did you mean one of:
  • `LiveProcess` — from type `LiveProcess`

8 |     let m : LinearMap(Int, Int) = LinearMapRep(0, Map.int_cmp, Map.empty())
                                      ^^^^^^^^^^^^^^^^^^^^^^^^^^^^^^^^^^^^^^^^^



