{"severity":"warning","file":"errors/unused_binding_3.march","start_line":8,"start_col":14,"end_line":8,"end_col":15,"message":"Unused variable `s`.\nUse `_` to mark intentionally unused params.","code":"unused_binding","fix":{"kind":"replace","start_line":8,"start_col":14,"end_line":8,"end_col":15,"text":"_s"},"labels":[],"notes":[]}
{"severity":"error","file":"errors/unused_binding_3.march","start_line":9,"start_col":2,"end_line":11,"end_col":5,"message":"`main` performs IO but declares no grant. The program reaches `IO.Console`; a `main` with no capability parameter is granted nothing.\nhelp: declare the grant `main` actually needs —\n        fn main(_cap_console : Cap(IO.Console)) : ()\nor grant everything with `fn main(cap : Cap(IO))`.\n`forge fix` can apply this.","code":"cap_grant","fix":{"kind":"replace","start_line":9,"start_col":9,"end_line":9,"end_col":11,"text":"(_cap_console : Cap(IO.Console))"},"labels":[],"notes":[]}
{"severity":"error","file":"errors/unused_binding_3.march","start_line":10,"start_col":26,"end_line":10,"end_col":38,"message":"refinement violation: argument `s` of `nonempty` does not satisfy precondition `len(_) > 0`\nnote: guard the call (e.g. `if len(_) > 0 do …`) or pass a value known to satisfy it","code":"refinement_violated","fix":null,"labels":[{"file":"errors/unused_binding_3.march","start_line":10,"start_col":35,"end_line":10,"end_col":37,"message":"this argument must satisfy `len(_) > 0`"}],"notes":[]}
