{"severity":"warning","file":"errors/unused_binding_5.march","start_line":37,"start_col":11,"end_line":37,"end_col":13,"message":"Unused variable `xs`.\nUse `_` to mark intentionally unused params.","code":"unused_binding","fix":{"kind":"replace","start_line":37,"start_col":11,"end_line":37,"end_col":13,"text":"_xs"},"labels":[],"notes":[]}
{"severity":"error","file":"errors/unused_binding_5.march","start_line":42,"start_col":8,"end_line":42,"end_col":10,"message":"refinement violation: bound expression does not satisfy type annotation `len(_) > 0`\nnote: a refined annotation on a `let` is CHECKED against the expression it annotates, not assumed — bind a value that satisfies it, or weaken the annotation","code":"refinement_violated","fix":null,"labels":[],"notes":[]}
{"severity":"hint","file":"errors/unused_binding_5.march","start_line":43,"start_col":4,"end_line":43,"end_col":13,"message":"precondition `len(_) > 0` on `inner` was NOT verified here.\nno fact the checker derived constrains `ys`","code":"refinement_unverified","fix":null,"labels":[],"notes":[]}
