exit: 1
-- WARNING ------------------ errors/unused_binding_5.march

Unused variable `xs`. [unused_binding]
Use `_` to mark intentionally unused params.

37 |   fn inner(xs : {List(Int) | len(_) > 0}) : Int do
                ^^



-- ERROR ------------------ errors/unused_binding_5.march

refinement violation: bound expression does not satisfy type annotation `len(_) > 0` [refinement_violated]
note: a refined annotation on a `let` is CHECKED against the expression it annotates, not assumed — bind a value that satisfies it, or weaken the annotation

42 |     let ys : {List(Int) | len(_) > 0} = []
             ^^

    run `march --explain refinement_violated`


-- HINT ------------------ errors/unused_binding_5.march

precondition `len(_) > 0` on `inner` was NOT verified here. [refinement_unverified]
no fact the checker derived constrains `ys`

43 |     inner(ys)
         ^^^^^^^^^




fix [unused_binding]:
@@ lines 37-37 @@
-  fn inner(xs : {List(Int) | len(_) > 0}) : Int do
+  fn inner(_xs : {List(Int) | len(_) > 0}) : Int do
