exit: 1
-- WARNING ------------------ errors/unused_binding_4.march

Unused variable `b`. [unused_binding]
Use `_` to mark intentionally unused params.

8 |   fn needTrue(b : {Bool | _ == true}) : Int do 1 end
                  ^



-- ERROR ------------------ errors/unused_binding_4.march

`main` performs IO but declares no grant. The program reaches `IO.Console`; a `main` with no capability parameter is granted nothing. [cap_grant]
help: declare the grant `main` actually needs —
        fn main(_cap_console : Cap(IO.Console)) : ()
or grant everything with `fn main(cap : Cap(IO))`.
`forge fix` can apply this.

 9 |   fn main() do
       ^^^^^^^^^^^^

    run `march --explain cap_grant`


-- ERROR ------------------ errors/unused_binding_4.march

refinement violation: argument `b` of `needTrue` does not satisfy precondition `_ == true` [refinement_violated]
note: guard the call (e.g. `if _ == true do …`) or pass a value known to satisfy it

10 |     println(int_to_string(needTrue(false)))
                               ^^^^^^^^^^^^^^^


    this argument must satisfy `_ == true`:

10 |     println(int_to_string(needTrue(false)))
                                        ^^^^^
    run `march --explain refinement_violated`



fix [unused_binding]:
@@ lines 8-8 @@
-  fn needTrue(b : {Bool | _ == true}) : Int do 1 end
+  fn needTrue(_b : {Bool | _ == true}) : Int do 1 end

fix [cap_grant]:
@@ lines 9-9 @@
-  fn main() do
+  fn main(_cap_console : Cap(IO.Console)) do

after fix: exit 1
refinement violation: argument `_b` of `needTrue` does not satisfy precondition `_ == true` [refinement_violated]
