{"severity":"warning","file":"errors/unused_binding_6.march","start_line":6,"start_col":13,"end_line":6,"end_col":14,"message":"Unused variable `x`.\nUse `_` to mark intentionally unused params.","code":"unused_binding","fix":{"kind":"replace","start_line":6,"start_col":13,"end_line":6,"end_col":14,"text":"_x"},"labels":[],"notes":[]}
{"severity":"error","file":"errors/unused_binding_6.march","start_line":8,"start_col":26,"end_line":8,"end_col":33,"message":"`S1` is linear, but `drop_it` is generic in a parameter of that type, so it may drop or duplicate the value.\nConsume the value here instead, or, if `drop_it` uses that parameter exactly once, mark it `linear` where `drop_it` is defined (`linear x : a`).","code":"linear_generic_param","fix":null,"labels":[],"notes":[]}
