-- types (3) --
type Box = Box(String, String)
closure $Clo_$jp5$0(Ptr(Unit))
closure $Clo_$jp11$1(Ptr(Unit))
-- fns (5) --
## $jp11$apply$1
fn $jp11$apply$1($clo : Ptr(Unit)) : '_ =
  panic("non-exhaustive pattern match")

## $jp5$apply$0
fn $jp5$apply$0($clo : Ptr(Unit)) : '_ =
  panic("non-exhaustive pattern match")

## escapes
fn escapes(b : Box) : String =
  let head : String = case b of
  Box($f9, $f10) -> let $jp_clo12 : () -> '_ = alloc $Clo_$jp11$1($jp11$apply$1) in
dec_rc $jp_clo12;
let s : String = $f9 in
inc_rc s;
s
  _ -> panic("non-exhaustive pattern match") in
let $t16 : String = let $t15 : Int = let $rc_2 : Int = read_only(b) in
dec_rc b;
$rc_2 in
int_to_string($t15) in
let $rc_1 : String = string_concat(head, $t16) in
dec_rc head;
dec_rc $t16;
$rc_1

## main
fn main(_cap_console : Cap(IO.Console)) : () =
  let b : Box = alloc Box.Box("ab", "cde") in
let $t17 : String = escapes(b) in
let $rc_3 : () = println($t17) in
dec_rc $t17;
$rc_3

## read_only
fn read_only(b : Box) : Int =
  case b of
  Box($f3, $f4) -> let $jp_clo6 : () -> '_ = alloc $Clo_$jp5$0($jp5$apply$0) in
dec_rc $jp_clo6;
let t : String = $f4 in
let s : String = $f3 in
let $t1 : Int = string_byte_length(s) in
let $t2 : Int = string_byte_length(t) in
+($t1, $t2)
  _ -> panic("non-exhaustive pattern match")

