-- types (1) --
record Box { inner : String }
-- fns (2) --
## main
fn main(_cap_console : Cap(IO.Console)) : () =
  let b : { inner : String } = { inner = "wrapped" } in
let $t1 : String = peek(b) in
let $rc_2 : () = println($t1) in
dec_rc $t1;
$rc_2

## peek
fn peek(b : { inner : String }) : String =
  let $rc_1 : String = b.inner in
inc_rc $rc_1;
dec_rc b;
$rc_1

