-- types (0) --
-- fns (2) --
## classify
fn classify(x : Int) : String =
  let n : Int = x in
let $guard8 : Bool = >(n, 0) in
case $guard8 of
  true() -> "pos"
  _ -> let n$sh1 : Int = x in
let $guard3 : Bool = <(n$sh1, 0) in
case $guard3 of
  true() -> "neg"
  _ -> "zero"

## main
fn main(_cap_console : Cap(IO.Console)) : () =
  let $t11 : String = classify(5) in
let $rc_1 : () = println($t11) in
dec_rc $t11;
$rc_1

