-- types (8) --
type Row = Row(List(Int))
closure $Clo_go$0(Ptr(Unit), Int)
closure $Clo_go$1(Ptr(Unit))
closure $Clo_go$2(Ptr(Unit))
closure $Clo_go$3(Ptr(Unit))
closure $Clo_go$4(Ptr(Unit))
closure $Clo_go$5(Ptr(Unit))
closure $Clo_go$6(Ptr(Unit))
-- fns (18) --
## List.length$List_Int
fn List.length$List_Int(xs : List(Int)) : Int =
  let go : (List(Int), Int) -> Int = alloc $Clo_go$6(go$apply$6) in
call_ptr go(xs, 0)

## List.length$List_Row
fn List.length$List_Row(xs : List(Row)) : Int =
  let go : (List(Row), Int) -> Int = alloc $Clo_go$5(go$apply$5) in
call_ptr go(xs, 0)

## List.maximum_int
fn List.maximum_int(xs : List(Int)) : Int =
  let go : (List(Int), Int) -> Int = alloc $Clo_go$4(go$apply$4) in
case xs of
  Nil() -> dec_rc xs;
dec_rc go;
panic("List.maximum_int: empty list")
  Cons($f490, $f491) -> dec_rc xs;
let t : '_ = $f491 in
let h : '_ = $f490 in
call_ptr go(t, h)
  _ -> dec_rc xs;
dec_rc go;
panic("non-exhaustive pattern match")

## List.minimum_int
fn List.minimum_int(xs : List(Int)) : Int =
  let go : (List(Int), Int) -> Int = alloc $Clo_go$3(go$apply$3) in
case xs of
  Nil() -> dec_rc xs;
dec_rc go;
panic("List.minimum_int: empty list")
  Cons($f477, $f478) -> dec_rc xs;
let t : '_ = $f478 in
let h : '_ = $f477 in
call_ptr go(t, h)
  _ -> dec_rc xs;
dec_rc go;
panic("non-exhaustive pattern match")

## List.product_int
fn List.product_int(xs : List(Int)) : Int =
  let go : (List(Int), Int) -> Int = alloc $Clo_go$2(go$apply$2) in
call_ptr go(xs, 1)

## List.range
fn List.range(start : Int, stop : Int) : List(Int) =
  let go : (Int, List(Int)) -> List(Int) = alloc $Clo_go$0(go$apply$0, start) in
let $t18 : '_ = -(stop, 1) in
let $t19 : '_ = alloc Nil() in
call_ptr go($t18, $t19)

## List.range_step
fn List.range_step(start : Int, stop : Int, step : Int) : List(Int) =
  List.range_step_go(start, stop, step)

## List.range_step_go
fn List.range_step_go(i : Int, stop : Int, step : Int) : List(Int) =
  let $t21 : '_ = let $t20 : '_ = >(step, 0) in
case $t20 of
  True() -> dec_rc $t20;
>=(i, stop)
  _ -> dec_rc $t20;
<=(i, stop) in
case $t21 of
  True() -> dec_rc $t21;
alloc Nil()
  _ -> dec_rc $t21;
let next : '_ = +(i, step) in
let $trmc3 : Cons = alloc_hole Cons(i, _) in
List.range_step_go$dps(next, stop, step, $trmc3);
$trmc3

## List.range_step_go$dps
fn List.range_step_go$dps(i : Int, stop : Int, step : Int, $dst : List(Int)) : Unit =
  let $t21 : '_ = let $t20 : '_ = >(step, 0) in
case $t20 of
  True() -> dec_rc $t20;
>=(i, stop)
  _ -> dec_rc $t20;
<=(i, stop) in
case $t21 of
  True() -> dec_rc $t21;
let $trmc2 : List(Int) = alloc Nil() in
$dst.1 <- $trmc2
  _ -> dec_rc $t21;
let next : '_ = +(i, step) in
let $trmc1 : Cons = alloc_hole Cons(i, _) in
$dst.1 <- $trmc1;
List.range_step_go$dps(next, stop, step, $trmc1)

## List.sum_int
fn List.sum_int(xs : List(Int)) : Int =
  let go : (List(Int), Int) -> Int = alloc $Clo_go$1(go$apply$1) in
call_ptr go(xs, 0)

## go$apply$0
fn go$apply$0($clo : Ptr(Unit), i : Int, acc : List(Int)) : List(Int) =
  let go : (Int, List(Int)) -> List(Int) = inc_rc $clo;
$clo in
let start : Int = $clo.$fv1 in
dec_rc $clo;
let $t15 : '_ = <(i, start) in
case $t15 of
  True() -> dec_rc $t15;
dec_rc go;
acc
  _ -> dec_rc $t15;
let $t16 : '_ = inc_rc i;
-(i, 1) in
let $t17 : '_ = alloc Cons(i, acc) in
call_ptr go($t16, $t17)

## go$apply$1
fn go$apply$1($clo : Ptr(Unit), lst : List(Int), acc : Int) : Int =
  let go : (List(Int), Int) -> Int = $clo in
case lst of
  Nil() -> dec_rc lst;
dec_rc go;
acc
  Cons($f457, $f458) -> dec_rc lst;
let t : '_ = $f458 in
let x : '_ = $f457 in
let $t456 : '_ = +(acc, x) in
call_ptr go(t, $t456)
  _ -> dec_rc lst;
dec_rc go;
panic("non-exhaustive pattern match")

## go$apply$2
fn go$apply$2($clo : Ptr(Unit), lst : List(Int), acc : Int) : Int =
  let go : (List(Int), Int) -> Int = $clo in
case lst of
  Nil() -> dec_rc lst;
dec_rc go;
acc
  Cons($f464, $f465) -> dec_rc lst;
let t : '_ = $f465 in
let x : '_ = $f464 in
let $t463 : '_ = *(acc, x) in
call_ptr go(t, $t463)
  _ -> dec_rc lst;
dec_rc go;
panic("non-exhaustive pattern match")

## go$apply$3
fn go$apply$3($clo : Ptr(Unit), lst : List(Int), m : Int) : Int =
  let go : (List(Int), Int) -> Int = $clo in
case lst of
  Nil() -> dec_rc lst;
dec_rc go;
m
  Cons($f471, $f472) -> dec_rc lst;
let r : '_ = $f472 in
let x : '_ = $f471 in
let $t470 : '_ = <(x, m) in
case $t470 of
  True() -> dec_rc $t470;
call_ptr go(r, x)
  _ -> dec_rc $t470;
dec_rc x;
call_ptr go(r, m)
  _ -> dec_rc lst;
dec_rc go;
panic("non-exhaustive pattern match")

## go$apply$4
fn go$apply$4($clo : Ptr(Unit), lst : List(Int), m : Int) : Int =
  let go : (List(Int), Int) -> Int = $clo in
case lst of
  Nil() -> dec_rc lst;
dec_rc go;
m
  Cons($f484, $f485) -> dec_rc lst;
let r : '_ = $f485 in
let x : '_ = $f484 in
let $t483 : '_ = >(x, m) in
case $t483 of
  True() -> dec_rc $t483;
call_ptr go(r, x)
  _ -> dec_rc $t483;
dec_rc x;
call_ptr go(r, m)
  _ -> dec_rc lst;
dec_rc go;
panic("non-exhaustive pattern match")

## go$apply$5
fn go$apply$5($clo : Ptr(Unit), lst : List(Row), acc : Int) : Int =
  let go : (List(Row), Int) -> Int = $clo in
case lst of
  Nil() -> dec_rc lst;
dec_rc go;
acc
  Cons($f74, $f75) -> dec_rc lst;
dec_rc $f74;
let t : '_ = $f75 in
let $t73 : '_ = +(acc, 1) in
call_ptr go(t, $t73)
  _ -> dec_rc lst;
dec_rc go;
panic("non-exhaustive pattern match")

## go$apply$6
fn go$apply$6($clo : Ptr(Unit), lst : List(Int), acc : Int) : Int =
  let go : (List(Int), Int) -> Int = $clo in
case lst of
  Nil() -> dec_rc lst;
dec_rc go;
acc
  Cons($f74, $f75) -> dec_rc lst;
dec_rc $f74;
let t : '_ = $f75 in
let $t73 : '_ = +(acc, 1) in
call_ptr go(t, $t73)
  _ -> dec_rc lst;
dec_rc go;
panic("non-exhaustive pattern match")

## main
fn main(_cap_console : Cap(IO.Console)) : () =
  let rows : List(Row) = let $t4 : Row = let $t3 : List(Int) = let $t2 : List(Int) = let $t1 : List(Int) = alloc List.Nil(Int)() in
alloc List.Cons(2, $t1) in
alloc List.Cons(1, $t2) in
alloc Row.Row($t3) in
let $t9 : List(Row) = let $t7 : Row = let $t6 : List(Int) = let $t5 : List(Int) = alloc List.Nil(Int)() in
alloc List.Cons(3, $t5) in
alloc Row.Row($t6) in
let $t8 : List(Row) = alloc List.Nil(Row)() in
alloc List.Cons($t7, $t8) in
alloc List.Cons($t4, $t9) in
case rows of
  Cons($f518, $f519) -> dec_rc rows;
case $f518 of
  Row($f520) -> let rest : List(Row) = $f519 in
let fp : List(Int) = $f520 in
let $t515 : String = let $t514 : Int = List.length$List_Int(fp) in
int_to_string($t514) in
let $rc_2 : () = println($t515) in
dec_rc $t515;
$rc_2;
let $t517 : String = let $t516 : Int = List.length$List_Row(rest) in
int_to_string($t516) in
let $rc_1 : () = println($t517) in
dec_rc $t517;
$rc_1
  _ -> dec_rc $f518;
dec_rc $f519;
panic("non-exhaustive pattern match")
  Nil() -> dec_rc rows;
println("empty")
  _ -> dec_rc rows;
panic("non-exhaustive pattern match")

