-- types (20) --
type Row = Row(List(Int))
closure $Clo_go$0(Ptr(Unit), Int)
closure $Clo_build$1(Ptr(Unit), Int, Int)
closure $Clo_go$2(Ptr(Unit))
closure $Clo_$jp467$3(Ptr(Unit))
closure $Clo_go$4(Ptr(Unit))
closure $Clo_$jp474$5(Ptr(Unit))
closure $Clo_go$6(Ptr(Unit))
closure $Clo_$jp481$7(Ptr(Unit))
closure $Clo_$jp487$8(Ptr(Unit))
closure $Clo_go$9(Ptr(Unit))
closure $Clo_$jp494$10(Ptr(Unit))
closure $Clo_$jp500$11(Ptr(Unit))
closure $Clo_$jp529$12(Ptr(Unit))
closure $Clo_go$13(Ptr(Unit))
closure $Clo_$jp88$14(Ptr(Unit))
closure $Clo_go$15(Ptr(Unit))
closure $Clo_$jp81$16(Ptr(Unit))
closure $Clo_go$17(Ptr(Unit))
closure $Clo_$jp81$18(Ptr(Unit))
-- fns (29) --
## $jp467$apply$3
fn $jp467$apply$3($clo : Ptr(Unit)) : '_ =
  panic("non-exhaustive pattern match")

## $jp474$apply$5
fn $jp474$apply$5($clo : Ptr(Unit)) : '_ =
  panic("non-exhaustive pattern match")

## $jp481$apply$7
fn $jp481$apply$7($clo : Ptr(Unit)) : '_ =
  panic("non-exhaustive pattern match")

## $jp487$apply$8
fn $jp487$apply$8($clo : Ptr(Unit)) : '_ =
  panic("non-exhaustive pattern match")

## $jp494$apply$10
fn $jp494$apply$10($clo : Ptr(Unit)) : '_ =
  panic("non-exhaustive pattern match")

## $jp500$apply$11
fn $jp500$apply$11($clo : Ptr(Unit)) : '_ =
  panic("non-exhaustive pattern match")

## $jp529$apply$12
fn $jp529$apply$12($clo : Ptr(Unit)) : '_ =
  panic("non-exhaustive pattern match")

## $jp81$apply$16
fn $jp81$apply$16($clo : Ptr(Unit)) : '_ =
  panic("non-exhaustive pattern match")

## $jp81$apply$18
fn $jp81$apply$18($clo : Ptr(Unit)) : '_ =
  panic("non-exhaustive pattern match")

## $jp88$apply$14
fn $jp88$apply$14($clo : Ptr(Unit)) : '_ =
  panic("non-exhaustive pattern match")

## List.length$List_Int
fn List.length$List_Int(xs : List(Int)) : Int =
  let go : (List(Int), Int) -> Int = alloc $Clo_go$17(go$apply$17) in
call_ptr go(xs, 0)

## List.length$List_Row
fn List.length$List_Row(xs : List(Row)) : Int =
  let go : (List(Row), Int) -> Int = alloc $Clo_go$15(go$apply$15) in
call_ptr go(xs, 0)

## List.maximum_int
fn List.maximum_int(xs : List(Int)) : Int =
  let go : (List(Int), Int) -> Int = alloc $Clo_go$9(go$apply$9) in
case xs of
  Nil() -> dec_rc go;
dec_rc xs;
panic("List.maximum_int: empty list")
  Cons($f498, $f499) -> dec_rc xs;
let $jp_clo501 : () -> '_ = alloc $Clo_$jp500$11($jp500$apply$11) in
dec_rc $jp_clo501;
let t : '_ = $f499 in
let h : '_ = $f498 in
call_ptr go(t, h)
  _ -> dec_rc go;
dec_rc xs;
panic("non-exhaustive pattern match")

## List.minimum_int
fn List.minimum_int(xs : List(Int)) : Int =
  let go : (List(Int), Int) -> Int = alloc $Clo_go$6(go$apply$6) in
case xs of
  Nil() -> dec_rc go;
dec_rc xs;
panic("List.minimum_int: empty list")
  Cons($f485, $f486) -> dec_rc xs;
let $jp_clo488 : () -> '_ = alloc $Clo_$jp487$8($jp487$apply$8) in
dec_rc $jp_clo488;
let t : '_ = $f486 in
let h : '_ = $f485 in
call_ptr go(t, h)
  _ -> dec_rc go;
dec_rc xs;
panic("non-exhaustive pattern match")

## List.product_int
fn List.product_int(xs : List(Int)) : Int =
  let go : (List(Int), Int) -> Int = alloc $Clo_go$4(go$apply$4) in
call_ptr go(xs, 1)

## List.range
fn List.range(start : Int, stop : Int) : List(Int) =
  let go : (Int, List(Int)) -> List(Int) = alloc $Clo_go$0(go$apply$0, start) in
let $t18 : '_ = -(stop, 1) in
let $t19 : '_ = alloc Nil() in
call_ptr go($t18, $t19)

## List.range_step
fn List.range_step(start : Int, stop : Int, step : Int) : List(Int) =
  let build : (Int, List(Int)) -> List(Int) = alloc $Clo_build$1(build$apply$1, step, stop) in
let $t27 : '_ = alloc Nil() in
call_ptr build(start, $t27)

## List.reverse
fn List.reverse(xs : List('a)) : List('a) =
  let go : (List('a), List('a)) -> List('a) = alloc $Clo_go$13(go$apply$13) in
let $t92 : '_ = alloc Nil() in
call_ptr go(xs, $t92)

## List.sum_int
fn List.sum_int(xs : List(Int)) : Int =
  let go : (List(Int), Int) -> Int = alloc $Clo_go$2(go$apply$2) in
call_ptr go(xs, 0)

## build$apply$1
fn build$apply$1($clo : Ptr(Unit), i : Int, acc : List(Int)) : List(Int) =
  let build : (Int, List(Int)) -> List(Int) = inc_rc $clo;
$clo in
let step : Int = inc_rc $clo;
$clo.$fv1 in
let stop : Int = $clo.$fv2 in
dec_rc $clo;
let $t20 : '_ = >(step, 0) in
case $t20 of
  True() -> dec_rc $t20;
let $t21 : '_ = inc_rc i;
>=(i, stop) in
case $t21 of
  True() -> dec_rc $clo;
dec_rc $t21;
List.reverse(acc)
  _ -> dec_rc $t21;
let $t22 : '_ = inc_rc i;
+(i, step) in
let $t23 : '_ = alloc Cons(i, acc) in
call_ptr build($t22, $t23)
  _ -> dec_rc $t20;
let $t24 : '_ = inc_rc i;
<=(i, stop) in
case $t24 of
  True() -> dec_rc $clo;
dec_rc $t24;
List.reverse(acc)
  _ -> dec_rc $t24;
let $t25 : '_ = inc_rc i;
+(i, step) in
let $t26 : '_ = alloc Cons(i, acc) in
call_ptr build($t25, $t26)

## go$apply$0
fn go$apply$0($clo : Ptr(Unit), i : Int, acc : List(Int)) : List(Int) =
  let go : (Int, List(Int)) -> List(Int) = inc_rc $clo;
$clo in
let start : Int = $clo.$fv1 in
dec_rc $clo;
let $t15 : '_ = inc_rc i;
<(i, start) in
case $t15 of
  True() -> dec_rc $clo;
dec_rc $t15;
acc
  _ -> dec_rc $t15;
let $t16 : '_ = inc_rc i;
-(i, 1) in
let $t17 : '_ = alloc Cons(i, acc) in
call_ptr go($t16, $t17)

## go$apply$13
fn go$apply$13($clo : Ptr(Unit), lst : List('a), acc : List('a)) : List('a) =
  let go : (List('a), List('a)) -> List('a) = $clo in
case lst of
  Nil() -> dec_rc go;
dec_rc lst;
acc
  Cons($f86, $f87) -> dec_rc lst;
let $jp_clo89 : () -> '_ = alloc $Clo_$jp88$14($jp88$apply$14) in
dec_rc $jp_clo89;
let t : '_ = $f87 in
let h : '_ = $f86 in
let $t85 : '_ = alloc Cons(h, acc) in
call_ptr go(t, $t85)
  _ -> dec_rc go;
dec_rc acc;
dec_rc lst;
panic("non-exhaustive pattern match")

## go$apply$15
fn go$apply$15($clo : Ptr(Unit), lst : List(Row), acc : Int) : Int =
  let go : (List(Row), Int) -> Int = $clo in
case lst of
  Nil() -> dec_rc go;
dec_rc lst;
acc
  Cons($f79, $f80) -> dec_rc lst;
dec_rc $f79;
let $jp_clo82 : () -> '_ = alloc $Clo_$jp81$16($jp81$apply$16) in
dec_rc $jp_clo82;
let t : '_ = $f80 in
let $t78 : '_ = +(acc, 1) in
call_ptr go(t, $t78)
  _ -> dec_rc go;
dec_rc lst;
panic("non-exhaustive pattern match")

## go$apply$17
fn go$apply$17($clo : Ptr(Unit), lst : List(Int), acc : Int) : Int =
  let go : (List(Int), Int) -> Int = $clo in
case lst of
  Nil() -> dec_rc go;
dec_rc lst;
acc
  Cons($f79, $f80) -> dec_rc lst;
dec_rc $f79;
let $jp_clo82 : () -> '_ = alloc $Clo_$jp81$18($jp81$apply$18) in
dec_rc $jp_clo82;
let t : '_ = $f80 in
let $t78 : '_ = +(acc, 1) in
call_ptr go(t, $t78)
  _ -> dec_rc go;
dec_rc lst;
panic("non-exhaustive pattern match")

## go$apply$2
fn go$apply$2($clo : Ptr(Unit), lst : List(Int), acc : Int) : Int =
  let go : (List(Int), Int) -> Int = $clo in
case lst of
  Nil() -> dec_rc go;
dec_rc lst;
acc
  Cons($f465, $f466) -> dec_rc lst;
let $jp_clo468 : () -> '_ = alloc $Clo_$jp467$3($jp467$apply$3) in
dec_rc $jp_clo468;
let t : '_ = $f466 in
let x : '_ = $f465 in
let $t464 : '_ = +(acc, x) in
call_ptr go(t, $t464)
  _ -> dec_rc go;
dec_rc lst;
panic("non-exhaustive pattern match")

## go$apply$4
fn go$apply$4($clo : Ptr(Unit), lst : List(Int), acc : Int) : Int =
  let go : (List(Int), Int) -> Int = $clo in
case lst of
  Nil() -> dec_rc go;
dec_rc lst;
acc
  Cons($f472, $f473) -> dec_rc lst;
let $jp_clo475 : () -> '_ = alloc $Clo_$jp474$5($jp474$apply$5) in
dec_rc $jp_clo475;
let t : '_ = $f473 in
let x : '_ = $f472 in
let $t471 : '_ = *(acc, x) in
call_ptr go(t, $t471)
  _ -> dec_rc go;
dec_rc lst;
panic("non-exhaustive pattern match")

## go$apply$6
fn go$apply$6($clo : Ptr(Unit), lst : List(Int), m : Int) : Int =
  let go : (List(Int), Int) -> Int = $clo in
case lst of
  Nil() -> dec_rc go;
dec_rc lst;
m
  Cons($f479, $f480) -> dec_rc lst;
let $jp_clo482 : () -> '_ = alloc $Clo_$jp481$7($jp481$apply$7) in
dec_rc $jp_clo482;
let r : '_ = $f480 in
let x : '_ = $f479 in
let $t478 : '_ = inc_rc x;
inc_rc m;
<(x, m) in
case $t478 of
  True() -> dec_rc $t478;
call_ptr go(r, x)
  _ -> dec_rc x;
dec_rc $t478;
call_ptr go(r, m)
  _ -> dec_rc go;
dec_rc lst;
panic("non-exhaustive pattern match")

## go$apply$9
fn go$apply$9($clo : Ptr(Unit), lst : List(Int), m : Int) : Int =
  let go : (List(Int), Int) -> Int = $clo in
case lst of
  Nil() -> dec_rc go;
dec_rc lst;
m
  Cons($f492, $f493) -> dec_rc lst;
let $jp_clo495 : () -> '_ = alloc $Clo_$jp494$10($jp494$apply$10) in
dec_rc $jp_clo495;
let r : '_ = $f493 in
let x : '_ = $f492 in
let $t491 : '_ = inc_rc x;
inc_rc m;
>(x, m) in
case $t491 of
  True() -> dec_rc $t491;
call_ptr go(r, x)
  _ -> dec_rc x;
dec_rc $t491;
call_ptr go(r, m)
  _ -> dec_rc go;
dec_rc lst;
panic("non-exhaustive pattern match")

## main
fn main() : () =
  let rows : List(Row) = let $t4 : Row = let $t3 : List(Int) = let $t2 : List(Int) = let $t1 : List(Int) = alloc List.Nil(Int)() in
alloc List.Cons(2, $t1) in
alloc List.Cons(1, $t2) in
alloc Row.Row($t3) in
let $t9 : List(Row) = let $t7 : Row = let $t6 : List(Int) = let $t5 : List(Int) = alloc List.Nil(Int)() in
alloc List.Cons(3, $t5) in
alloc Row.Row($t6) in
let $t8 : List(Row) = alloc List.Nil(Row)() in
alloc List.Cons($t7, $t8) in
alloc List.Cons($t4, $t9) in
case rows of
  Cons($f526, $f527) -> dec_rc rows;
case $f526 of
  Row($f528) -> let $jp_clo530 : () -> '_ = alloc $Clo_$jp529$12($jp529$apply$12) in
dec_rc $jp_clo530;
let rest : List(Row) = $f527 in
let fp : List(Int) = $f528 in
let $t523 : String = let $t522 : Int = List.length$List_Int(fp) in
int_to_string($t522) in
let $rc_2 : () = println($t523) in
dec_rc $t523;
$rc_2;
let $t525 : String = let $t524 : Int = List.length$List_Row(rest) in
int_to_string($t524) in
let $rc_1 : () = println($t525) in
dec_rc $t525;
$rc_1
  _ -> dec_rc $f527;
dec_rc $f526;
panic("non-exhaustive pattern match")
  Nil() -> dec_rc rows;
println("empty")
  _ -> dec_rc rows;
panic("non-exhaustive pattern match")

