-- types (5) --
closure $Clo_go$0(Ptr(Unit), Int)
closure $Clo_go$1(Ptr(Unit))
closure $Clo_go$2(Ptr(Unit))
closure $Clo_go$3(Ptr(Unit))
closure $Clo_go$4(Ptr(Unit))
-- fns (16) --
## List.maximum_int
fn List.maximum_int(xs : List(Int)) : Int =
  let go : (List(Int), Int) -> Int = alloc $Clo_go$4(go$apply$4) in
case xs of
  Nil() -> dec_rc xs;
dec_rc go;
panic("List.maximum_int: empty list")
  Cons($f490, $f491) -> dec_rc xs;
let t : '_ = $f491 in
let h : '_ = $f490 in
call_ptr go(t, h)
  _ -> dec_rc xs;
dec_rc go;
panic("non-exhaustive pattern match")

## List.minimum_int
fn List.minimum_int(xs : List(Int)) : Int =
  let go : (List(Int), Int) -> Int = alloc $Clo_go$3(go$apply$3) in
case xs of
  Nil() -> dec_rc xs;
dec_rc go;
panic("List.minimum_int: empty list")
  Cons($f477, $f478) -> dec_rc xs;
let t : '_ = $f478 in
let h : '_ = $f477 in
call_ptr go(t, h)
  _ -> dec_rc xs;
dec_rc go;
panic("non-exhaustive pattern match")

## List.product_int
fn List.product_int(xs : List(Int)) : Int =
  let go : (List(Int), Int) -> Int = alloc $Clo_go$2(go$apply$2) in
call_ptr go(xs, 1)

## List.range
fn List.range(start : Int, stop : Int) : List(Int) =
  let go : (Int, List(Int)) -> List(Int) = alloc $Clo_go$0(go$apply$0, start) in
let $t17 : '_ = -(stop, 1) in
let $t18 : '_ = alloc Nil() in
call_ptr go($t17, $t18)

## List.range_step
fn List.range_step(start : Int, stop : Int, step : Int) : List(Int) =
  List.range_step_go(start, stop, step)

## List.range_step_go
fn List.range_step_go(i : Int, stop : Int, step : Int) : List(Int) =
  let $t20 : '_ = let $t19 : '_ = >(step, 0) in
case $t19 of
  True() -> dec_rc $t19;
>=(i, stop)
  _ -> dec_rc $t19;
<=(i, stop) in
case $t20 of
  True() -> dec_rc $t20;
alloc Nil()
  _ -> dec_rc $t20;
let next : '_ = +(i, step) in
let $trmc7 : Cons = alloc_hole Cons(i, _) in
List.range_step_go$dps(next, stop, step, $trmc7);
$trmc7

## List.range_step_go$dps
fn List.range_step_go$dps(i : Int, stop : Int, step : Int, $dst : List(Int)) : Unit =
  let $t20 : '_ = let $t19 : '_ = >(step, 0) in
case $t19 of
  True() -> dec_rc $t19;
>=(i, stop)
  _ -> dec_rc $t19;
<=(i, stop) in
case $t20 of
  True() -> dec_rc $t20;
let $trmc6 : List(Int) = alloc Nil() in
$dst.1 <- $trmc6
  _ -> dec_rc $t20;
let next : '_ = +(i, step) in
let $trmc5 : Cons = alloc_hole Cons(i, _) in
$dst.1 <- $trmc5;
List.range_step_go$dps(next, stop, step, $trmc5)

## List.sum_int
fn List.sum_int(xs : List(Int)) : Int =
  let go : (List(Int), Int) -> Int = alloc $Clo_go$1(go$apply$1) in
call_ptr go(xs, 0)

## bump
fn bump(xs : List(Int)) : List(Int) =
  case xs of
  Nil() -> dec_rc xs;
alloc List.Nil(Int)()
  Cons($f3, $f4) -> let t : List(Int) = $f4 in
let h : Int = $f3 in
let $t1 : Int = +(h, 1) in
let $trmc4 : List.Cons = reuse_hole xs as List.Cons($t1, _) in
bump$dps(t, $trmc4);
$trmc4
  _ -> dec_rc xs;
panic("non-exhaustive pattern match")

## bump$dps
fn bump$dps(xs : List(Int), $dst : List(Int)) : Unit =
  case xs of
  Nil() -> dec_rc xs;
let $trmc2 : List(Int) = alloc List.Nil(Int)() in
$dst.1 <- $trmc2
  Cons($f3, $f4) -> let t : List(Int) = $f4 in
let h : Int = $f3 in
let $t1 : Int = +(h, 1) in
let $trmc3 : List.Cons = reuse_hole xs as List.Cons($t1, _) in
$dst.1 <- $trmc3;
bump$dps(t, $trmc3)
  _ -> dec_rc xs;
let $trmc1 : List(Int) = panic("non-exhaustive pattern match") in
$dst.1 <- $trmc1

## go$apply$0
fn go$apply$0($clo : Ptr(Unit), i : Int, acc : List(Int)) : List(Int) =
  let go : (Int, List(Int)) -> List(Int) = inc_rc $clo;
$clo in
let start : Int = $clo.$fv1 in
dec_rc $clo;
let $t14 : '_ = <(i, start) in
case $t14 of
  True() -> dec_rc $t14;
dec_rc go;
acc
  _ -> dec_rc $t14;
let $t15 : '_ = inc_rc i;
-(i, 1) in
let $t16 : '_ = alloc Cons(i, acc) in
call_ptr go($t15, $t16)

## go$apply$1
fn go$apply$1($clo : Ptr(Unit), lst : List(Int), acc : Int) : Int =
  let go : (List(Int), Int) -> Int = $clo in
case lst of
  Nil() -> dec_rc lst;
dec_rc go;
acc
  Cons($f457, $f458) -> dec_rc lst;
let t : '_ = $f458 in
let x : '_ = $f457 in
let $t456 : '_ = +(acc, x) in
call_ptr go(t, $t456)
  _ -> dec_rc lst;
dec_rc go;
panic("non-exhaustive pattern match")

## go$apply$2
fn go$apply$2($clo : Ptr(Unit), lst : List(Int), acc : Int) : Int =
  let go : (List(Int), Int) -> Int = $clo in
case lst of
  Nil() -> dec_rc lst;
dec_rc go;
acc
  Cons($f464, $f465) -> dec_rc lst;
let t : '_ = $f465 in
let x : '_ = $f464 in
let $t463 : '_ = *(acc, x) in
call_ptr go(t, $t463)
  _ -> dec_rc lst;
dec_rc go;
panic("non-exhaustive pattern match")

## go$apply$3
fn go$apply$3($clo : Ptr(Unit), lst : List(Int), m : Int) : Int =
  let go : (List(Int), Int) -> Int = $clo in
case lst of
  Nil() -> dec_rc lst;
dec_rc go;
m
  Cons($f471, $f472) -> dec_rc lst;
let r : '_ = $f472 in
let x : '_ = $f471 in
let $t470 : '_ = <(x, m) in
case $t470 of
  True() -> dec_rc $t470;
call_ptr go(r, x)
  _ -> dec_rc $t470;
dec_rc x;
call_ptr go(r, m)
  _ -> dec_rc lst;
dec_rc go;
panic("non-exhaustive pattern match")

## go$apply$4
fn go$apply$4($clo : Ptr(Unit), lst : List(Int), m : Int) : Int =
  let go : (List(Int), Int) -> Int = $clo in
case lst of
  Nil() -> dec_rc lst;
dec_rc go;
m
  Cons($f484, $f485) -> dec_rc lst;
let r : '_ = $f485 in
let x : '_ = $f484 in
let $t483 : '_ = >(x, m) in
case $t483 of
  True() -> dec_rc $t483;
call_ptr go(r, x)
  _ -> dec_rc $t483;
dec_rc x;
call_ptr go(r, m)
  _ -> dec_rc lst;
dec_rc go;
panic("non-exhaustive pattern match")

## main
fn main(_cap_console : Cap(IO.Console)) : () =
  let $t516 : String = let $t515 : List(Int) = let $t514 : List(Int) = List.range(1, 5) in
bump($t514) in
List.sum_int($t515) in
let $rc_1 : () = println($t516) in
dec_rc $t516;
$rc_1

