-- types (5) --
closure $Clo_go$0_List_range(Ptr(Unit), Int)
closure $Clo_go$0_List_sum_int(Ptr(Unit))
closure $Clo_go$0_List_product_int(Ptr(Unit))
closure $Clo_go$0_List_minimum_int(Ptr(Unit))
closure $Clo_go$0_List_maximum_int(Ptr(Unit))
-- fns (16) --
## List.maximum_int
fn List.maximum_int(xs : List(Int)) : Int =
  let go : (List(Int), Int) -> Int = alloc $Clo_go$0_List_maximum_int(go$apply$0_List_maximum_int) in
case xs of
  Nil() -> dec_rc xs;
dec_rc go;
panic("List.maximum_int: empty list")
  Cons($f489, $f490) -> dec_rc xs;
let t : '_ = $f490 in
let h : '_ = $f489 in
call_ptr go(t, h)
  _ -> dec_rc xs;
dec_rc go;
panic("non-exhaustive pattern match")

## List.minimum_int
fn List.minimum_int(xs : List(Int)) : Int =
  let go : (List(Int), Int) -> Int = alloc $Clo_go$0_List_minimum_int(go$apply$0_List_minimum_int) in
case xs of
  Nil() -> dec_rc xs;
dec_rc go;
panic("List.minimum_int: empty list")
  Cons($f476, $f477) -> dec_rc xs;
let t : '_ = $f477 in
let h : '_ = $f476 in
call_ptr go(t, h)
  _ -> dec_rc xs;
dec_rc go;
panic("non-exhaustive pattern match")

## List.product_int
fn List.product_int(xs : List(Int)) : Int =
  let go : (List(Int), Int) -> Int = alloc $Clo_go$0_List_product_int(go$apply$0_List_product_int) in
call_ptr go(xs, 1)

## List.range
fn List.range(start : Int, stop : Int) : List(Int) =
  let go : (Int, List(Int)) -> List(Int) = alloc $Clo_go$0_List_range(go$apply$0_List_range, start) in
let $t17 : '_ = -(stop, 1) in
let $t18 : '_ = alloc Nil() in
call_ptr go($t17, $t18)

## List.range_step
fn List.range_step(start : Int, stop : Int, step : Int) : List(Int) =
  List.range_step_go(start, stop, step)

## List.range_step_go
fn List.range_step_go(i : Int, stop : Int, step : Int) : List(Int) =
  let $t20 : '_ = let $t19 : '_ = >(step, 0) in
case $t19 of
  True() -> dec_rc $t19;
>=(i, stop)
  _ -> dec_rc $t19;
<=(i, stop) in
case $t20 of
  True() -> dec_rc $t20;
alloc Nil()
  _ -> dec_rc $t20;
let next : '_ = +(i, step) in
let $trmc7 : Cons = alloc_hole Cons(i, _) in
List.range_step_go$dps(next, stop, step, $trmc7);
$trmc7

## List.range_step_go$dps
fn List.range_step_go$dps(i : Int, stop : Int, step : Int, $dst : List(Int)) : Unit =
  let $t20 : '_ = let $t19 : '_ = >(step, 0) in
case $t19 of
  True() -> dec_rc $t19;
>=(i, stop)
  _ -> dec_rc $t19;
<=(i, stop) in
case $t20 of
  True() -> dec_rc $t20;
let $trmc6 : List(Int) = alloc Nil() in
$dst.1 <- $trmc6
  _ -> dec_rc $t20;
let next : '_ = +(i, step) in
let $trmc5 : Cons = alloc_hole Cons(i, _) in
$dst.1 <- $trmc5;
List.range_step_go$dps(next, stop, step, $trmc5)

## List.sum_int
fn List.sum_int(xs : List(Int)) : Int =
  let go : (List(Int), Int) -> Int = alloc $Clo_go$0_List_sum_int(go$apply$0_List_sum_int) in
call_ptr go(xs, 0)

## bump
fn bump(xs : List(Int)) : List(Int) =
  case xs of
  Nil() -> dec_rc xs;
alloc List.Nil(Int)()
  Cons($f3, $f4) -> let t : List(Int) = $f4 in
let h : Int = $f3 in
let $t1 : Int = +(h, 1) in
let $trmc4 : List.Cons = reuse_hole xs as List.Cons($t1, _) in
bump$dps(t, $trmc4);
$trmc4
  _ -> dec_rc xs;
panic("non-exhaustive pattern match")

## bump$dps
fn bump$dps(xs : List(Int), $dst : List(Int)) : Unit =
  case xs of
  Nil() -> dec_rc xs;
let $trmc2 : List(Int) = alloc List.Nil(Int)() in
$dst.1 <- $trmc2
  Cons($f3, $f4) -> let t : List(Int) = $f4 in
let h : Int = $f3 in
let $t1 : Int = +(h, 1) in
let $trmc3 : List.Cons = reuse_hole xs as List.Cons($t1, _) in
$dst.1 <- $trmc3;
bump$dps(t, $trmc3)
  _ -> dec_rc xs;
let $trmc1 : List(Int) = panic("non-exhaustive pattern match") in
$dst.1 <- $trmc1

## go$apply$0_List_maximum_int
fn go$apply$0_List_maximum_int($clo : Ptr(Unit), lst : List(Int), m : Int) : Int =
  let go : (List(Int), Int) -> Int = $clo in
case lst of
  Nil() -> dec_rc lst;
dec_rc go;
m
  Cons($f483, $f484) -> dec_rc lst;
let r : '_ = $f484 in
let x : '_ = $f483 in
let $t482 : '_ = >(x, m) in
case $t482 of
  True() -> dec_rc $t482;
call_ptr go(r, x)
  _ -> dec_rc $t482;
dec_rc x;
call_ptr go(r, m)
  _ -> dec_rc lst;
dec_rc go;
panic("non-exhaustive pattern match")

## go$apply$0_List_minimum_int
fn go$apply$0_List_minimum_int($clo : Ptr(Unit), lst : List(Int), m : Int) : Int =
  let go : (List(Int), Int) -> Int = $clo in
case lst of
  Nil() -> dec_rc lst;
dec_rc go;
m
  Cons($f470, $f471) -> dec_rc lst;
let r : '_ = $f471 in
let x : '_ = $f470 in
let $t469 : '_ = <(x, m) in
case $t469 of
  True() -> dec_rc $t469;
call_ptr go(r, x)
  _ -> dec_rc $t469;
dec_rc x;
call_ptr go(r, m)
  _ -> dec_rc lst;
dec_rc go;
panic("non-exhaustive pattern match")

## go$apply$0_List_product_int
fn go$apply$0_List_product_int($clo : Ptr(Unit), lst : List(Int), acc : Int) : Int =
  let go : (List(Int), Int) -> Int = $clo in
case lst of
  Nil() -> dec_rc lst;
dec_rc go;
acc
  Cons($f463, $f464) -> dec_rc lst;
let t : '_ = $f464 in
let x : '_ = $f463 in
let $t462 : '_ = *(acc, x) in
call_ptr go(t, $t462)
  _ -> dec_rc lst;
dec_rc go;
panic("non-exhaustive pattern match")

## go$apply$0_List_range
fn go$apply$0_List_range($clo : Ptr(Unit), i : Int, acc : List(Int)) : List(Int) =
  let go : (Int, List(Int)) -> List(Int) = inc_rc $clo;
$clo in
let start : Int = $clo.$fv1 in
dec_rc $clo;
let $t14 : '_ = <(i, start) in
case $t14 of
  True() -> dec_rc $t14;
dec_rc go;
acc
  _ -> dec_rc $t14;
let $t15 : '_ = inc_rc i;
-(i, 1) in
let $t16 : '_ = alloc Cons(i, acc) in
call_ptr go($t15, $t16)

## go$apply$0_List_sum_int
fn go$apply$0_List_sum_int($clo : Ptr(Unit), lst : List(Int), acc : Int) : Int =
  let go : (List(Int), Int) -> Int = $clo in
case lst of
  Nil() -> dec_rc lst;
dec_rc go;
acc
  Cons($f456, $f457) -> dec_rc lst;
let t : '_ = $f457 in
let x : '_ = $f456 in
let $t455 : '_ = +(acc, x) in
call_ptr go(t, $t455)
  _ -> dec_rc lst;
dec_rc go;
panic("non-exhaustive pattern match")

## main
fn main(_cap_console : Cap(IO.Console)) : () =
  let $t515 : String = let $t514 : List(Int) = let $t513 : List(Int) = List.range(1, 5) in
bump($t513) in
List.sum_int($t514) in
let $rc_1 : () = println($t515) in
dec_rc $t515;
$rc_1

