tag0=<p>Point(1, 2)</p>
tag1=<p>B(&quot;&lt;script&gt;&quot;)</p>
tag2=<p>C(&quot;xx&quot;, &quot;yy&quot;)</p>
nullary=<p>A</p>
string=<p>&lt;b&gt;x&lt;/b&gt;</p>
iolist=<p><i>inner</i></p>
safe=<p><b>bold</b></p>
some=<p>&lt;script&gt;</p>
none=<p>nil</p>
ok=<p>Ok(&quot;&lt;script&gt;&quot;)</p>
err=<p>Err(&quot;&lt;b&gt;&quot;)</p>
list=<p>[&quot;&lt;script&gt;alert(1)&lt;/script&gt;&quot;]</p>
record=<p>#&lt;tag:0&gt;</p>
tuple=<p>#&lt;tag:0&gt;</p>
poly_tag1=<p>B(&quot;&lt;script&gt;&quot;)</p>
poly_tag2=<p>C(&quot;xx&quot;, &quot;yy&quot;)</p>
poly_iolist=<p><i>ok</i></p>
