ok: SCHED reports 4 schedulers
ok: an idle node is under 5% busy
ok: 4 spinners on 4 schedulers are over 90% busy
ok: running actors read under 50 ms idle (10 samples)
ok: SNAPSHOT's sched section is lifetime-only (no window)
ok: SCHED rejects a window over 5000 ms
ok: no reply carries the crash message
