[shell] calls 0 node functions
s : String
[shell] calls 18 node functions: Json.skip_ws, Json.match_lit_go, Json.hex4, Json.utf8_encode, Json.unescape_u, Json.unescape, Json.scan_string, Json.scan_digits, Json.scan_int, Json.scan_exp, Json.parse_number, Json.parse_value, Json.parse_array_elements, Json.parse_pairs, Json.parse, Json.rev$List_String$List_String, Json.rev$List_JsonValue$List_JsonValue, Json.rev$List_T_String_JsonValue$List_T_String_JsonValue
Ok(Object([#<tag:0>, #<tag:0>]))
[shell] calls 18 node functions: Json.skip_ws, Json.match_lit_go, Json.hex4, Json.utf8_encode, Json.unescape_u, Json.unescape, Json.scan_string, Json.scan_digits, Json.scan_int, Json.scan_exp, Json.parse_number, Json.parse_value, Json.parse_array_elements, Json.parse_pairs, Json.parse, Json.rev$List_String$List_String, Json.rev$List_JsonValue$List_JsonValue, Json.rev$List_T_String_JsonValue$List_T_String_JsonValue
Ok(Object([#<tag:0>, #<tag:0>]))
[shell] calls 0 node functions
42
[shell] calls 18 node functions: Json.skip_ws, Json.match_lit_go, Json.hex4, Json.utf8_encode, Json.unescape_u, Json.unescape, Json.scan_string, Json.scan_digits, Json.scan_int, Json.scan_exp, Json.parse_number, Json.parse_value, Json.parse_array_elements, Json.parse_pairs, Json.parse, Json.rev$List_String$List_String, Json.rev$List_JsonValue$List_JsonValue, Json.rev$List_T_String_JsonValue$List_T_String_JsonValue
j : JsonValue
[shell] calls 3 node functions: Json.escape_go, Json.to_string, Json.rev$List_String$List_String
{"a":[1,2,{"b":true}],"c":"xA"}
[shell] calls 3 node functions: Json.escape_go, Json.to_string, Json.rev$List_String$List_String
{"a":[1,2,{"b":true}],"c":"xA"}
[shell] calls 0 node functions
[10, 20, 30]
[shell] calls 20 node functions: Json.skip_ws, Json.match_lit_go, Json.hex4, Json.utf8_encode, Json.unescape_u, Json.unescape, Json.scan_string, Json.scan_digits, Json.scan_int, Json.scan_exp, Json.parse_number, Json.parse_value, Json.parse_array_elements, Json.parse_pairs, Json.escape_go, Json.parse, Json.to_string, Json.rev$List_String$List_String, Json.rev$List_JsonValue$List_JsonValue, Json.rev$List_T_String_JsonValue$List_T_String_JsonValue
Ok(10)
exit=0
