-- types (0) --
-- fns (2) --
## classify
fn classify(x : Int) : String =
  let $jp_clo7 : () -> '_ = letrec [$jp6] in
$jp6 in
let n : Int = x in
let $guard8 : Bool = >(n, 0) in
case $guard8 of
  true() -> "pos"
  _ -> $jp_clo7()

## main
fn main(_cap_console : Cap(IO.Console)) : () =
  let $t11 : String = classify(5) in
println($t11)

