-- types (3) --
record Ident { name : String, node_id : String }
record Hello { identity : Ident, nonce : String }
type V = S(String) | A(List(V))
-- fns (2) --
## enc
fn enc(h : { identity : { name : String, node_id : String }, nonce : String }) : V =
  let $t12 : List(V) = let $t3 : V = let $t2 : String = let $t1 : { name : String, node_id : String } = h.identity in
$t1.name in
alloc V.S($t2) in
let $t11 : List(V) = let $t6 : V = let $t5 : String = let $t4 : { name : String, node_id : String } = h.identity in
$t4.node_id in
alloc V.S($t5) in
let $t10 : List(V) = let $t8 : V = let $t7 : String = h.nonce in
alloc V.S($t7) in
let $t9 : List(V) = alloc List.Nil(V)() in
alloc List.Cons($t8, $t9) in
alloc List.Cons($t6, $t10) in
alloc List.Cons($t3, $t11) in
alloc V.A($t12)

## main
fn main(_cap_console : Cap(IO.Console)) : () =
  let my_id : { name : String, node_id : String } = let $t13 : String = ++("node-", "b") in
let $t14 : String = ++("pk-", "b") in
{ name = $t13, node_id = $t14 } in
let h : { identity : { name : String, node_id : String }, nonce : String } = let $t15 : String = ++("n", "1") in
{ identity = my_id, nonce = $t15 } in
let $p17 : V = enc(h) in
let $t16 : String = my_id.node_id in
println($t16)

