-- types (1) --
type Row = Row(List(Int))
-- fns (56) --
## List.all
fn List.all(xs : List('a), pred : ('a) -> Bool) : Bool =
  case xs of
  Nil() -> true
  Cons($f253, $f254) -> let $jp_clo256 : () -> '_ = letrec [$jp255] in
$jp255 in
let t : '_ = $f254 in
let h : '_ = $f253 in
let $t252 : '_ = pred(h) in
case $t252 of
  True() -> List.all(t, pred)
  _ -> false
  _ -> panic("non-exhaustive pattern match")

## List.any
fn List.any(xs : List('a), pred : ('a) -> Bool) : Bool =
  case xs of
  Nil() -> false
  Cons($f246, $f247) -> let $jp_clo249 : () -> '_ = letrec [$jp248] in
$jp248 in
let t : '_ = $f247 in
let h : '_ = $f246 in
let $t245 : '_ = pred(h) in
case $t245 of
  True() -> true
  _ -> List.any(t, pred)
  _ -> panic("non-exhaustive pattern match")

## List.append
fn List.append(xs : List('a), ys : List('a)) : List('a) =
  case xs of
  Nil() -> ys
  Cons($f89, $f90) -> let $jp_clo92 : () -> '_ = letrec [$jp91] in
$jp91 in
let t : '_ = $f90 in
let h : '_ = $f89 in
let $t88 : '_ = List.append(t, ys) in
alloc Cons(h, $t88)
  _ -> panic("non-exhaustive pattern match")

## List.chunks
fn List.chunks(xs : List('a), size : Int) : List(List('a)) =
  let go : (List('a), List(List('a))) -> List(List('a)) = letrec [go] in
go in
let $t398 : '_ = alloc Nil() in
go(xs, $t398)

## List.concat
fn List.concat(xss : List(List('a))) : List('a) =
  let prepend_reversed : (List('a), List('a)) -> List('a) = letrec [prepend_reversed] in
prepend_reversed in
let go : (List(List('a)), List('a)) -> List('a) = letrec [go] in
go in
let $t215 : '_ = alloc Nil() in
go(xss, $t215)

## List.dedup
fn List.dedup(xs : List('a)) : List('a) =
  let go : (List('a), 'a, List('a)) -> List('a) = letrec [go] in
go in
case xs of
  Nil() -> alloc Nil()
  Cons($f509, $f510) -> let $jp_clo512 : () -> '_ = letrec [$jp511] in
$jp511 in
let t : '_ = $f510 in
let h : '_ = $f509 in
let $t508 : '_ = let $t507 : '_ = alloc Nil() in
alloc Cons(h, $t507) in
go(t, h, $t508)
  _ -> panic("non-exhaustive pattern match")

## List.drop
fn List.drop(xs : List('a), n : Int) : List('a) =
  let $t338 : '_ = <=(n, 0) in
case $t338 of
  True() -> xs
  _ -> case xs of
  Nil() -> alloc Nil()
  Cons($f340, $f341) -> let $jp_clo343 : () -> '_ = letrec [$jp342] in
$jp342 in
let t : '_ = $f341 in
let $t339 : '_ = -(n, 1) in
List.drop(t, $t339)
  _ -> panic("non-exhaustive pattern match")

## List.drop_last
fn List.drop_last(xs : List('a)) : List('a) =
  let $t388 : '_ = List.reverse(xs) in
case $t388 of
  Nil() -> alloc Nil()
  Cons($f389, $f390) -> let $jp_clo392 : () -> '_ = letrec [$jp391] in
$jp391 in
let rest : '_ = $f390 in
let ig : '_ = $f389 in
List.reverse(rest)
  _ -> panic("non-exhaustive pattern match")

## List.drop_while
fn List.drop_while(xs : List('a), pred : ('a) -> Bool) : List('a) =
  case xs of
  Nil() -> alloc Nil()
  Cons($f356, $f357) -> let $jp_clo359 : () -> '_ = letrec [$jp358] in
$jp358 in
let t : '_ = $f357 in
let h : '_ = $f356 in
let $t355 : '_ = pred(h) in
case $t355 of
  True() -> List.drop_while(t, pred)
  _ -> xs
  _ -> panic("non-exhaustive pattern match")

## List.each
fn List.each(xs : List('a), f : ('a) -> 'b) : () =
  let go : (List('a)) -> () = letrec [go] in
go in
go(xs)

## List.empty
fn List.empty() : List('a) =
  alloc Nil()

## List.enumerate
fn List.enumerate(xs : List('a)) : List((Int, 'a)) =
  let go : (List('a), Int, List((Int, 'a))) -> List((Int, 'a)) = letrec [go] in
go in
let $t456 : '_ = alloc Nil() in
go(xs, 0, $t456)

## List.filter
fn List.filter(xs : List('a), pred : ('a) -> Bool) : List('a) =
  case xs of
  Nil() -> alloc Nil()
  Cons($f127, $f128) -> let $jp_clo130 : () -> '_ = letrec [$jp129] in
$jp129 in
let t : '_ = $f128 in
let h : '_ = $f127 in
let $t125 : '_ = pred(h) in
case $t125 of
  True() -> let $t126 : '_ = List.filter(t, pred) in
alloc Cons(h, $t126)
  _ -> List.filter(t, pred)
  _ -> panic("non-exhaustive pattern match")

## List.filter_map
fn List.filter_map(xs : List('a), f : ('a) -> Option('b)) : List('b) =
  case xs of
  Nil() -> alloc Nil()
  Cons($f176, $f177) -> let $jp_clo179 : () -> '_ = letrec [$jp178] in
$jp178 in
let t : '_ = $f177 in
let h : '_ = $f176 in
let $t173 : '_ = f(h) in
case $t173 of
  Some($f175) -> let v : '_ = $f175 in
let $t174 : '_ = List.filter_map(t, f) in
alloc Cons(v, $t174)
  None() -> List.filter_map(t, f)
  _ -> panic("non-exhaustive pattern match")
  _ -> panic("non-exhaustive pattern match")

## List.find
fn List.find(xs : List('a), pred : ('a) -> Bool) : Option('a) =
  case xs of
  Nil() -> alloc None()
  Cons($f231, $f232) -> let $jp_clo234 : () -> '_ = letrec [$jp233] in
$jp233 in
let t : '_ = $f232 in
let h : '_ = $f231 in
let $t230 : '_ = pred(h) in
case $t230 of
  True() -> alloc Some(h)
  _ -> List.find(t, pred)
  _ -> panic("non-exhaustive pattern match")

## List.find_index
fn List.find_index(xs : List('a), pred : ('a) -> Bool) : Option(Int) =
  let go : (List('a), Int) -> Option(Int) = letrec [go] in
go in
go(xs, 0)

## List.flat_map
fn List.flat_map(xs : List('a), f : ('a) -> List('b)) : List('b) =
  let $t110 : '_ = alloc Nil() in
List.flat_map_go($t110, xs, f)

## List.flat_map_go
fn List.flat_map_go(sub : List('b), lst : List('a), f : ('a) -> List('b)) : List('b) =
  case sub of
  Cons($f119, $f120) -> let $jp_clo122 : () -> '_ = letrec [$jp121] in
$jp121 in
let rest : '_ = $f120 in
let x : '_ = $f119 in
let $t111 : '_ = List.flat_map_go(rest, lst, f) in
alloc Cons(x, $t111)
  Nil() -> case lst of
  Nil() -> alloc Nil()
  Cons($f113, $f114) -> let $jp_clo116 : () -> '_ = letrec [$jp115] in
$jp115 in
let t : '_ = $f114 in
let h : '_ = $f113 in
let $t112 : '_ = f(h) in
List.flat_map_go($t112, t, f)
  _ -> panic("non-exhaustive pattern match")
  _ -> panic("non-exhaustive pattern match")

## List.fold_left
fn List.fold_left(xs : List('a), acc : 'b, f : ('b) -> ('a) -> 'b) : 'b =
  case xs of
  Nil() -> acc
  Cons($f183, $f184) -> let $jp_clo186 : () -> '_ = letrec [$jp185] in
$jp185 in
let t : '_ = $f184 in
let h : '_ = $f183 in
let $t182 : '_ = f(acc, h) in
List.fold_left(t, $t182, f)
  _ -> panic("non-exhaustive pattern match")

## List.fold_right
fn List.fold_right(xs : List('a), acc : 'b, f : ('a) -> ('b) -> 'b) : 'b =
  let $t189 : '_ = List.reverse(xs) in
let $t191 : ('_, '_) -> '_ = letrec [$lam190] in
$lam190 in
List.fold_left($t189, acc, $t191)

## List.head
fn List.head(xs : List('a)) : 'a =
  case xs of
  Cons($f23, $f24) -> let $jp_clo26 : () -> '_ = letrec [$jp25] in
$jp25 in
let h : '_ = $f23 in
h
  Nil() -> panic("List.head: empty list")
  _ -> panic("non-exhaustive pattern match")

## List.head_opt
fn List.head_opt(xs : List('a)) : Option('a) =
  case xs of
  Cons($f35, $f36) -> let $jp_clo38 : () -> '_ = letrec [$jp37] in
$jp37 in
let h : '_ = $f35 in
alloc Some(h)
  Nil() -> alloc None()
  _ -> panic("non-exhaustive pattern match")

## List.intersperse
fn List.intersperse(xs : List('a), sep : 'a) : List('a) =
  let go : (List('a), List('a)) -> List('a) = letrec [go] in
go in
let $t229 : '_ = alloc Nil() in
go(xs, $t229)

## List.is_empty
fn List.is_empty(xs : List('a)) : Bool =
  case xs of
  Nil() -> true
  _ -> false

## List.last
fn List.last(xs : List('a)) : 'a =
  case xs of
  Nil() -> panic("List.last: empty list")
  Cons($f47, $f48) -> let $jp_clo54 : () -> '_ = letrec [$jp53] in
$jp53 in
case $f48 of
  Nil() -> let $jp_clo56 : () -> '_ = letrec [$jp55] in
$jp55 in
let x : '_ = $f47 in
x
  _ -> $jp_clo54()
  _ -> panic("non-exhaustive pattern match")

## List.length
fn List.length(xs : List('a)) : Int =
  let go : (List('a), Int) -> Int = letrec [go] in
go in
go(xs, 0)

## List.map
fn List.map(xs : List('a), f : ('a) -> 'b) : List('b) =
  case xs of
  Nil() -> alloc Nil()
  Cons($f97, $f98) -> let $jp_clo100 : () -> '_ = letrec [$jp99] in
$jp99 in
let t : '_ = $f98 in
let h : '_ = $f97 in
let $t95 : '_ = f(h) in
let $t96 : '_ = List.map(t, f) in
alloc Cons($t95, $t96)
  _ -> panic("non-exhaustive pattern match")

## List.maximum_int
fn List.maximum_int(xs : List(Int)) : Int =
  let go : (List(Int), Int) -> Int = letrec [go] in
go in
case xs of
  Nil() -> panic("List.maximum_int: empty list")
  Cons($f491, $f492) -> let $jp_clo494 : () -> '_ = letrec [$jp493] in
$jp493 in
let t : '_ = $f492 in
let h : '_ = $f491 in
go(t, h)
  _ -> panic("non-exhaustive pattern match")

## List.member
fn List.member(xs : List('a), x : 'a) : Bool =
  let $t498 : ('_) -> '_ = letrec [$lam497] in
$lam497 in
List.any(xs, $t498)

## List.minimum_int
fn List.minimum_int(xs : List(Int)) : Int =
  let go : (List(Int), Int) -> Int = letrec [go] in
go in
case xs of
  Nil() -> panic("List.minimum_int: empty list")
  Cons($f478, $f479) -> let $jp_clo481 : () -> '_ = letrec [$jp480] in
$jp480 in
let t : '_ = $f479 in
let h : '_ = $f478 in
go(t, h)
  _ -> panic("non-exhaustive pattern match")

## List.nth
fn List.nth(xs : List('a), n : Int) : 'a =
  case xs of
  Nil() -> panic("List.nth: index out of bounds")
  Cons($f59, $f60) -> let $jp_clo62 : () -> '_ = letrec [$jp61] in
$jp61 in
let t : '_ = $f60 in
let h : '_ = $f59 in
let $t57 : '_ = ==(n, 0) in
case $t57 of
  True() -> h
  _ -> let $t58 : '_ = -(n, 1) in
List.nth(t, $t58)
  _ -> panic("non-exhaustive pattern match")

## List.nth_opt
fn List.nth_opt(xs : List('a), n : Int) : Option('a) =
  case xs of
  Nil() -> alloc None()
  Cons($f67, $f68) -> let $jp_clo70 : () -> '_ = letrec [$jp69] in
$jp69 in
let t : '_ = $f68 in
let h : '_ = $f67 in
let $t65 : '_ = ==(n, 0) in
case $t65 of
  True() -> alloc Some(h)
  _ -> let $t66 : '_ = -(n, 1) in
List.nth_opt(t, $t66)
  _ -> panic("non-exhaustive pattern match")

## List.partition
fn List.partition(xs : List('a), pred : ('a) -> Bool) : (List('a), List('a)) =
  let go : (List('a), List('a), List('a)) -> (List('a), List('a)) = letrec [go] in
go in
let $t386 : '_ = alloc Nil() in
let $t387 : '_ = alloc Nil() in
go(xs, $t386, $t387)

## List.pfilter
fn List.pfilter(xs : List('a), pred : ('a) -> Bool) : List('a) =
  let t : '_ = pmap_threshold() in
let $t157 : '_ = let $t156 : '_ = List.length(xs) in
<=($t156, t) in
case $t157 of
  True() -> List.filter(xs, pred)
  _ -> let cs : '_ = List.chunks(xs, t) in
let tasks : '_ = let $t161 : ('_) -> '_ = letrec [$lam158] in
$lam158 in
List.map(cs, $t161) in
let $t164 : '_ = let $t163 : ('_) -> '_ = letrec [$lam162] in
$lam162 in
List.map(tasks, $t163) in
List.concat($t164)

## List.pmap
fn List.pmap(xs : List('a), f : ('a) -> 'b) : List('b) =
  let t : '_ = pmap_threshold() in
let $t134 : '_ = let $t133 : '_ = List.length(xs) in
<=($t133, t) in
case $t134 of
  True() -> List.map(xs, f)
  _ -> let cs : '_ = List.chunks(xs, t) in
let tasks : '_ = let $t138 : ('_) -> '_ = letrec [$lam135] in
$lam135 in
List.map(cs, $t138) in
let $t141 : '_ = let $t140 : ('_) -> '_ = letrec [$lam139] in
$lam139 in
List.map(tasks, $t140) in
List.concat($t141)

## List.pmap_n
fn List.pmap_n(xs : List('a), f : ('a) -> 'b, max_concurrency : Int) : List('b) =
  let n : '_ = List.length(xs) in
let $t142 : '_ = ==(n, 0) in
case $t142 of
  True() -> alloc Nil()
  _ -> let cap : '_ = let $t143 : '_ = <(max_concurrency, 1) in
case $t143 of
  True() -> 1
  _ -> max_concurrency in
let csize : '_ = let $t146 : '_ = let $t145 : '_ = let $t144 : '_ = /(n, cap) in
*($t144, cap) in
==($t145, n) in
case $t146 of
  True() -> /(n, cap)
  _ -> let $t147 : '_ = /(n, cap) in
+($t147, 1) in
let csize2 : '_ = let $t148 : '_ = <(csize, 1) in
case $t148 of
  True() -> 1
  _ -> csize in
let cs : '_ = List.chunks(xs, csize2) in
let tasks : '_ = let $t152 : ('_) -> '_ = letrec [$lam149] in
$lam149 in
List.map(cs, $t152) in
let $t155 : '_ = let $t154 : ('_) -> '_ = letrec [$lam153] in
$lam153 in
List.map(tasks, $t154) in
List.concat($t155)

## List.preduce
fn List.preduce(xs : List('a), identity : 'a, combine : ('a) -> ('a) -> 'a) : 'a =
  let t : '_ = pmap_threshold() in
let $t166 : '_ = let $t165 : '_ = List.length(xs) in
<=($t165, t) in
case $t166 of
  True() -> List.fold_left(xs, identity, combine)
  _ -> let cs : '_ = List.chunks(xs, t) in
let tasks : '_ = let $t170 : ('_) -> '_ = letrec [$lam167] in
$lam167 in
List.map(cs, $t170) in
let partials : '_ = let $t172 : ('_) -> '_ = letrec [$lam171] in
$lam171 in
List.map(tasks, $t172) in
List.fold_left(partials, identity, combine)

## List.product_int
fn List.product_int(xs : List(Int)) : Int =
  let go : (List(Int), Int) -> Int = letrec [go] in
go in
go(xs, 1)

## List.range
fn List.range(start : Int, stop : Int) : List(Int) =
  let go : (Int, List(Int)) -> List(Int) = letrec [go] in
go in
let $t18 : '_ = -(stop, 1) in
let $t19 : '_ = alloc Nil() in
go($t18, $t19)

## List.range_step
fn List.range_step(start : Int, stop : Int, step : Int) : List(Int) =
  List.range_step_go(start, stop, step)

## List.range_step_go
fn List.range_step_go(i : Int, stop : Int, step : Int) : List(Int) =
  let $t21 : '_ = let $t20 : '_ = >(step, 0) in
case $t20 of
  True() -> >=(i, stop)
  _ -> <=(i, stop) in
case $t21 of
  True() -> alloc Nil()
  _ -> let next : '_ = +(i, step) in
let $t22 : '_ = List.range_step_go(next, stop, step) in
alloc Cons(i, $t22)

## List.repeat
fn List.repeat(x : 'a, n : Int) : List('a) =
  let go : (Int, List('a)) -> List('a) = letrec [go] in
go in
let $t14 : '_ = alloc Nil() in
go(n, $t14)

## List.reverse
fn List.reverse(xs : List('a)) : List('a) =
  let go : (List('a), List('a)) -> List('a) = letrec [go] in
go in
let $t87 : '_ = alloc Nil() in
go(xs, $t87)

## List.scan_left
fn List.scan_left(xs : List('a), acc : 'b, f : ('b) -> ('a) -> 'b) : List('b) =
  let go : ('b, List('a), List('b)) -> List('b) = letrec [go] in
go in
let $t200 : '_ = alloc Nil() in
go(acc, xs, $t200)

## List.singleton
fn List.singleton(x : 'a) : List('a) =
  let $t10 : '_ = alloc Nil() in
alloc Cons(x, $t10)

## List.sort_by
fn List.sort_by(xs : List('a), cmp : ('a) -> ('a) -> Bool) : List('a) =
  let rev_onto : (List('a), List('a)) -> List('a) = letrec [rev_onto] in
rev_onto in
let merge : (List('a), List('a)) -> List('a) = letrec [merge] in
merge in
let step_pairs : (List(List('a)), List(List('a))) -> List(List('a)) = letrec [step_pairs] in
step_pairs in
let sort_loop : (List(List('a))) -> List('a) = letrec [sort_loop] in
sort_loop in
let to_singletons : (List('a), List(List('a))) -> List(List('a)) = letrec [to_singletons] in
to_singletons in
let $t327 : '_ = let $t326 : '_ = alloc Nil() in
to_singletons(xs, $t326) in
sort_loop($t327)

## List.split_at
fn List.split_at(xs : List('a), n : Int) : (List('a), List('a)) =
  let go : (List('a), Int, List('a)) -> (List('a), List('a)) = letrec [go] in
go in
let $t374 : '_ = alloc Nil() in
go(xs, n, $t374)

## List.sum_int
fn List.sum_int(xs : List(Int)) : Int =
  let go : (List(Int), Int) -> Int = letrec [go] in
go in
go(xs, 0)

## List.tail
fn List.tail(xs : List('a)) : List('a) =
  case xs of
  Cons($f29, $f30) -> let $jp_clo32 : () -> '_ = letrec [$jp31] in
$jp31 in
let t : '_ = $f30 in
t
  Nil() -> panic("List.tail: empty list")
  _ -> panic("non-exhaustive pattern match")

## List.tail_opt
fn List.tail_opt(xs : List('a)) : Option(List('a)) =
  case xs of
  Cons($f41, $f42) -> let $jp_clo44 : () -> '_ = letrec [$jp43] in
$jp43 in
let t : '_ = $f42 in
alloc Some(t)
  Nil() -> alloc None()
  _ -> panic("non-exhaustive pattern match")

## List.take
fn List.take(xs : List('a), n : Int) : List('a) =
  let go : (List('a), Int, List('a)) -> List('a) = letrec [go] in
go in
let $t337 : '_ = alloc Nil() in
go(xs, n, $t337)

## List.take_while
fn List.take_while(xs : List('a), pred : ('a) -> Bool) : List('a) =
  let go : (List('a), List('a)) -> List('a) = letrec [go] in
go in
let $t354 : '_ = alloc Nil() in
go(xs, $t354)

## List.unzip
fn List.unzip(pairs : List(('a, 'b))) : (List('a), List('b)) =
  let go : (List(('a, 'b)), List('a), List('b)) -> (List('a), List('b)) = letrec [go] in
go in
let $t445 : '_ = alloc Nil() in
let $t446 : '_ = alloc Nil() in
go(pairs, $t445, $t446)

## List.zip
fn List.zip(xs : List('a), ys : List('b)) : List(('a, 'b)) =
  let go : (List('a), List('b), List(('a, 'b))) -> List(('a, 'b)) = letrec [go] in
go in
let $t413 : '_ = alloc Nil() in
go(xs, ys, $t413)

## List.zip_with
fn List.zip_with(xs : List('a), ys : List('b), f : ('a) -> ('b) -> 'c) : List('c) =
  let go : (List('a), List('b), List('c)) -> List('c) = letrec [go] in
go in
let $t428 : '_ = alloc Nil() in
go(xs, ys, $t428)

## main
fn main(_cap_console : Cap(IO.Console)) : () =
  let rows : List(Row) = let $t4 : Row = let $t3 : List(Int) = let $t2 : List(Int) = let $t1 : List(Int) = alloc List.Nil(Int)() in
alloc List.Cons(2, $t1) in
alloc List.Cons(1, $t2) in
alloc Row.Row($t3) in
let $t9 : List(Row) = let $t7 : Row = let $t6 : List(Int) = let $t5 : List(Int) = alloc List.Nil(Int)() in
alloc List.Cons(3, $t5) in
alloc Row.Row($t6) in
let $t8 : List(Row) = alloc List.Nil(Row)() in
alloc List.Cons($t7, $t8) in
alloc List.Cons($t4, $t9) in
case rows of
  Cons($f519, $f520) -> case $f519 of
  Row($f521) -> let $jp_clo523 : () -> '_ = letrec [$jp522] in
$jp522 in
let rest : List(Row) = $f520 in
let fp : List(Int) = $f521 in
let $t516 : String = let $t515 : Int = List.length(fp) in
int_to_string($t515) in
println($t516);
let $t518 : String = let $t517 : Int = List.length(rest) in
int_to_string($t517) in
println($t518)
  _ -> panic("non-exhaustive pattern match")
  Nil() -> println("empty")
  _ -> panic("non-exhaustive pattern match")

