-- types (0) --
-- fns (2) --
## head_opt
fn head_opt(xs : List(Int)) : Option(Int) =
  case xs of
  Cons($f1, $f2) -> let $jp_clo4 : () -> '_ = letrec [$jp3] in
$jp3 in
let h : Int = $f1 in
alloc Option.Some(h)
  Nil() -> alloc Option.None(Int)()
  _ -> panic("non-exhaustive pattern match")

## main
fn main(_cap_console : Cap(IO.Console)) : () =
  let $t9 : Option(Int) = let $t8 : List(Int) = let $t7 : List(Int) = alloc List.Nil(Int)() in
alloc List.Cons(3, $t7) in
head_opt($t8) in
case $t9 of
  Some($f10) -> let v : Int = $f10 in
println(v)
  None() -> println(0)
  _ -> panic("non-exhaustive pattern match")

