-- types (0) --
-- fns (2) --
## first_or_recheck
fn first_or_recheck(xs : List(String), flag : Bool) : String =
  case xs of
  Cons($f7, $f8) -> let t : List(String) = $f8 in
let h : String = $f7 in
case flag of
  True() -> h
  _ -> case xs of
  Cons($f1, $f2) -> let h2 : String = $f1 in
h2
  Nil() -> "none"
  _ -> panic("non-exhaustive pattern match")
  Nil() -> "empty"
  _ -> panic("non-exhaustive pattern match")

## main
fn main(_cap_console : Cap(IO.Console)) : () =
  let $t15 : String = let $t14 : List(String) = let $t13 : List(String) = alloc List.Nil(String)() in
alloc List.Cons("a", $t13) in
first_or_recheck($t14, true) in
println($t15)

