-- types (0) --
-- fns (55) --
## List.all
fn List.all(xs : List('a), pred : ('a) -> Bool) : Bool =
  case xs of
  Nil() -> true
  Cons($f259, $f260) -> let $jp_clo262 : () -> '_ = letrec [$jp261] in
$jp261 in
let t : '_ = $f260 in
let h : '_ = $f259 in
let $t258 : '_ = pred(h) in
case $t258 of
  True() -> List.all(t, pred)
  _ -> false
  _ -> panic("non-exhaustive pattern match")

## List.any
fn List.any(xs : List('a), pred : ('a) -> Bool) : Bool =
  case xs of
  Nil() -> false
  Cons($f252, $f253) -> let $jp_clo255 : () -> '_ = letrec [$jp254] in
$jp254 in
let t : '_ = $f253 in
let h : '_ = $f252 in
let $t251 : '_ = pred(h) in
case $t251 of
  True() -> true
  _ -> List.any(t, pred)
  _ -> panic("non-exhaustive pattern match")

## List.append
fn List.append(xs : List('a), ys : List('a)) : List('a) =
  let go : (List('a), List('a)) -> List('a) = letrec [go] in
go in
let $t99 : '_ = List.reverse(xs) in
go($t99, ys)

## List.chunks
fn List.chunks(xs : List('a), size : Int) : List(List('a)) =
  let go : (List('a), List(List('a))) -> List(List('a)) = letrec [go] in
go in
let $t404 : '_ = alloc Nil() in
go(xs, $t404)

## List.concat
fn List.concat(xss : List(List('a))) : List('a) =
  let prepend_reversed : (List('a), List('a)) -> List('a) = letrec [prepend_reversed] in
prepend_reversed in
let go : (List(List('a)), List('a)) -> List('a) = letrec [go] in
go in
let $t221 : '_ = alloc Nil() in
go(xss, $t221)

## List.dedup
fn List.dedup(xs : List('a)) : List('a) =
  let go : (List('a), 'a, List('a)) -> List('a) = letrec [go] in
go in
case xs of
  Nil() -> alloc Nil()
  Cons($f515, $f516) -> let $jp_clo518 : () -> '_ = letrec [$jp517] in
$jp517 in
let t : '_ = $f516 in
let h : '_ = $f515 in
let $t514 : '_ = let $t513 : '_ = alloc Nil() in
alloc Cons(h, $t513) in
go(t, h, $t514)
  _ -> panic("non-exhaustive pattern match")

## List.drop
fn List.drop(xs : List('a), n : Int) : List('a) =
  let $t344 : '_ = <=(n, 0) in
case $t344 of
  True() -> xs
  _ -> case xs of
  Nil() -> alloc Nil()
  Cons($f346, $f347) -> let $jp_clo349 : () -> '_ = letrec [$jp348] in
$jp348 in
let t : '_ = $f347 in
let $t345 : '_ = -(n, 1) in
List.drop(t, $t345)
  _ -> panic("non-exhaustive pattern match")

## List.drop_last
fn List.drop_last(xs : List('a)) : List('a) =
  let $t394 : '_ = List.reverse(xs) in
case $t394 of
  Nil() -> alloc Nil()
  Cons($f395, $f396) -> let $jp_clo398 : () -> '_ = letrec [$jp397] in
$jp397 in
let rest : '_ = $f396 in
let ig : '_ = $f395 in
List.reverse(rest)
  _ -> panic("non-exhaustive pattern match")

## List.drop_while
fn List.drop_while(xs : List('a), pred : ('a) -> Bool) : List('a) =
  case xs of
  Nil() -> alloc Nil()
  Cons($f362, $f363) -> let $jp_clo365 : () -> '_ = letrec [$jp364] in
$jp364 in
let t : '_ = $f363 in
let h : '_ = $f362 in
let $t361 : '_ = pred(h) in
case $t361 of
  True() -> List.drop_while(t, pred)
  _ -> xs
  _ -> panic("non-exhaustive pattern match")

## List.each
fn List.each(xs : List('a), f : ('a) -> 'b) : () =
  let go : (List('a)) -> () = letrec [go] in
go in
go(xs)

## List.empty
fn List.empty() : List('a) =
  alloc Nil()

## List.enumerate
fn List.enumerate(xs : List('a)) : List((Int, 'a)) =
  let go : (List('a), Int, List((Int, 'a))) -> List((Int, 'a)) = letrec [go] in
go in
let $t462 : '_ = alloc Nil() in
go(xs, 0, $t462)

## List.filter
fn List.filter(xs : List('a), pred : ('a) -> Bool) : List('a) =
  case xs of
  Nil() -> alloc Nil()
  Cons($f133, $f134) -> let $jp_clo136 : () -> '_ = letrec [$jp135] in
$jp135 in
let t : '_ = $f134 in
let h : '_ = $f133 in
let $t131 : '_ = pred(h) in
case $t131 of
  True() -> let $t132 : '_ = List.filter(t, pred) in
alloc Cons(h, $t132)
  _ -> List.filter(t, pred)
  _ -> panic("non-exhaustive pattern match")

## List.filter_map
fn List.filter_map(xs : List('a), f : ('a) -> Option('b)) : List('b) =
  case xs of
  Nil() -> alloc Nil()
  Cons($f182, $f183) -> let $jp_clo185 : () -> '_ = letrec [$jp184] in
$jp184 in
let t : '_ = $f183 in
let h : '_ = $f182 in
let $t179 : '_ = f(h) in
case $t179 of
  Some($f181) -> let v : '_ = $f181 in
let $t180 : '_ = List.filter_map(t, f) in
alloc Cons(v, $t180)
  None() -> List.filter_map(t, f)
  _ -> panic("non-exhaustive pattern match")
  _ -> panic("non-exhaustive pattern match")

## List.find
fn List.find(xs : List('a), pred : ('a) -> Bool) : Option('a) =
  case xs of
  Nil() -> alloc None()
  Cons($f237, $f238) -> let $jp_clo240 : () -> '_ = letrec [$jp239] in
$jp239 in
let t : '_ = $f238 in
let h : '_ = $f237 in
let $t236 : '_ = pred(h) in
case $t236 of
  True() -> alloc Some(h)
  _ -> List.find(t, pred)
  _ -> panic("non-exhaustive pattern match")

## List.find_index
fn List.find_index(xs : List('a), pred : ('a) -> Bool) : Option(Int) =
  let go : (List('a), Int) -> Option(Int) = letrec [go] in
go in
go(xs, 0)

## List.flat_map
fn List.flat_map(xs : List('a), f : ('a) -> List('b)) : List('b) =
  let prepend_reversed : (List('b), List('b)) -> List('b) = letrec [prepend_reversed] in
prepend_reversed in
let go : (List('a), List('b)) -> List('b) = letrec [go] in
go in
let $t130 : '_ = alloc Nil() in
go(xs, $t130)

## List.fold_left
fn List.fold_left(xs : List('a), acc : 'b, f : ('b) -> ('a) -> 'b) : 'b =
  case xs of
  Nil() -> acc
  Cons($f189, $f190) -> let $jp_clo192 : () -> '_ = letrec [$jp191] in
$jp191 in
let t : '_ = $f190 in
let h : '_ = $f189 in
let $t188 : '_ = f(acc, h) in
List.fold_left(t, $t188, f)
  _ -> panic("non-exhaustive pattern match")

## List.fold_right
fn List.fold_right(xs : List('a), acc : 'b, f : ('a) -> ('b) -> 'b) : 'b =
  let $t195 : '_ = List.reverse(xs) in
let $t197 : '_ = letrec [$lam196] in
$lam196 in
List.fold_left($t195, acc, $t197)

## List.head
fn List.head(xs : List('a)) : 'a =
  case xs of
  Cons($f27, $f28) -> let $jp_clo30 : () -> '_ = letrec [$jp29] in
$jp29 in
let h : '_ = $f27 in
h
  Nil() -> panic("List.head: empty list")
  _ -> panic("non-exhaustive pattern match")

## List.head_opt
fn List.head_opt(xs : List('a)) : Option('a) =
  case xs of
  Cons($f39, $f40) -> let $jp_clo42 : () -> '_ = letrec [$jp41] in
$jp41 in
let h : '_ = $f39 in
alloc Some(h)
  Nil() -> alloc None()
  _ -> panic("non-exhaustive pattern match")

## List.intersperse
fn List.intersperse(xs : List('a), sep : 'a) : List('a) =
  let go : (List('a), List('a)) -> List('a) = letrec [go] in
go in
let $t235 : '_ = alloc Nil() in
go(xs, $t235)

## List.is_empty
fn List.is_empty(xs : List('a)) : Bool =
  case xs of
  Nil() -> true
  _ -> false

## List.last
fn List.last(xs : List('a)) : 'a =
  case xs of
  Nil() -> panic("List.last: empty list")
  Cons($f51, $f52) -> let $jp_clo58 : () -> '_ = letrec [$jp57] in
$jp57 in
case $f52 of
  Nil() -> let $jp_clo60 : () -> '_ = letrec [$jp59] in
$jp59 in
let x : '_ = $f51 in
x
  _ -> $jp_clo58()
  _ -> panic("non-exhaustive pattern match")

## List.length
fn List.length(xs : List('a)) : Int =
  let go : (List('a), Int) -> Int = letrec [go] in
go in
go(xs, 0)

## List.map
fn List.map(xs : List('a), f : ('a) -> 'b) : List('b) =
  case xs of
  Nil() -> alloc Nil()
  Cons($f102, $f103) -> let $jp_clo105 : () -> '_ = letrec [$jp104] in
$jp104 in
let t : '_ = $f103 in
let h : '_ = $f102 in
let $t100 : '_ = f(h) in
let $t101 : '_ = List.map(t, f) in
alloc Cons($t100, $t101)
  _ -> panic("non-exhaustive pattern match")

## List.maximum_int
fn List.maximum_int(xs : List(Int)) : Int =
  let go : (List(Int), Int) -> Int = letrec [go] in
go in
case xs of
  Nil() -> panic("List.maximum_int: empty list")
  Cons($f497, $f498) -> let $jp_clo500 : () -> '_ = letrec [$jp499] in
$jp499 in
let t : '_ = $f498 in
let h : '_ = $f497 in
go(t, h)
  _ -> panic("non-exhaustive pattern match")

## List.member
fn List.member(xs : List('a), x : 'a) : Bool =
  let $t504 : '_ = letrec [$lam503] in
$lam503 in
List.any(xs, $t504)

## List.minimum_int
fn List.minimum_int(xs : List(Int)) : Int =
  let go : (List(Int), Int) -> Int = letrec [go] in
go in
case xs of
  Nil() -> panic("List.minimum_int: empty list")
  Cons($f484, $f485) -> let $jp_clo487 : () -> '_ = letrec [$jp486] in
$jp486 in
let t : '_ = $f485 in
let h : '_ = $f484 in
go(t, h)
  _ -> panic("non-exhaustive pattern match")

## List.nth
fn List.nth(xs : List('a), n : Int) : 'a =
  case xs of
  Nil() -> panic("List.nth: index out of bounds")
  Cons($f63, $f64) -> let $jp_clo66 : () -> '_ = letrec [$jp65] in
$jp65 in
let t : '_ = $f64 in
let h : '_ = $f63 in
let $t61 : '_ = ==(n, 0) in
case $t61 of
  True() -> h
  _ -> let $t62 : '_ = -(n, 1) in
List.nth(t, $t62)
  _ -> panic("non-exhaustive pattern match")

## List.nth_opt
fn List.nth_opt(xs : List('a), n : Int) : Option('a) =
  case xs of
  Nil() -> alloc None()
  Cons($f71, $f72) -> let $jp_clo74 : () -> '_ = letrec [$jp73] in
$jp73 in
let t : '_ = $f72 in
let h : '_ = $f71 in
let $t69 : '_ = ==(n, 0) in
case $t69 of
  True() -> alloc Some(h)
  _ -> let $t70 : '_ = -(n, 1) in
List.nth_opt(t, $t70)
  _ -> panic("non-exhaustive pattern match")

## List.partition
fn List.partition(xs : List('a), pred : ('a) -> Bool) : (List('a), List('a)) =
  let go : (List('a), List('a), List('a)) -> (List('a), List('a)) = letrec [go] in
go in
let $t392 : '_ = alloc Nil() in
let $t393 : '_ = alloc Nil() in
go(xs, $t392, $t393)

## List.pfilter
fn List.pfilter(xs : List('a), pred : ('a) -> Bool) : List('a) =
  let t : '_ = pmap_threshold() in
let $t163 : '_ = let $t162 : '_ = List.length(xs) in
<=($t162, t) in
case $t163 of
  True() -> List.filter(xs, pred)
  _ -> let cs : '_ = List.chunks(xs, t) in
let tasks : '_ = let $t167 : '_ = letrec [$lam164] in
$lam164 in
List.map(cs, $t167) in
let $t170 : '_ = let $t169 : '_ = letrec [$lam168] in
$lam168 in
List.map(tasks, $t169) in
List.concat($t170)

## List.pmap
fn List.pmap(xs : List('a), f : ('a) -> 'b) : List('b) =
  let t : '_ = pmap_threshold() in
let $t140 : '_ = let $t139 : '_ = List.length(xs) in
<=($t139, t) in
case $t140 of
  True() -> List.map(xs, f)
  _ -> let cs : '_ = List.chunks(xs, t) in
let tasks : '_ = let $t144 : '_ = letrec [$lam141] in
$lam141 in
List.map(cs, $t144) in
let $t147 : '_ = let $t146 : '_ = letrec [$lam145] in
$lam145 in
List.map(tasks, $t146) in
List.concat($t147)

## List.pmap_n
fn List.pmap_n(xs : List('a), f : ('a) -> 'b, max_concurrency : Int) : List('b) =
  let n : '_ = List.length(xs) in
let $t148 : '_ = ==(n, 0) in
case $t148 of
  True() -> alloc Nil()
  _ -> let cap : '_ = let $t149 : '_ = <(max_concurrency, 1) in
case $t149 of
  True() -> 1
  _ -> max_concurrency in
let csize : '_ = let $t152 : '_ = let $t151 : '_ = let $t150 : '_ = /(n, cap) in
*($t150, cap) in
==($t151, n) in
case $t152 of
  True() -> /(n, cap)
  _ -> let $t153 : '_ = /(n, cap) in
+($t153, 1) in
let csize2 : '_ = let $t154 : '_ = <(csize, 1) in
case $t154 of
  True() -> 1
  _ -> csize in
let cs : '_ = List.chunks(xs, csize2) in
let tasks : '_ = let $t158 : '_ = letrec [$lam155] in
$lam155 in
List.map(cs, $t158) in
let $t161 : '_ = let $t160 : '_ = letrec [$lam159] in
$lam159 in
List.map(tasks, $t160) in
List.concat($t161)

## List.preduce
fn List.preduce(xs : List('a), identity : 'a, combine : ('a) -> ('a) -> 'a) : 'a =
  let t : '_ = pmap_threshold() in
let $t172 : '_ = let $t171 : '_ = List.length(xs) in
<=($t171, t) in
case $t172 of
  True() -> List.fold_left(xs, identity, combine)
  _ -> let cs : '_ = List.chunks(xs, t) in
let tasks : '_ = let $t176 : '_ = letrec [$lam173] in
$lam173 in
List.map(cs, $t176) in
let partials : '_ = let $t178 : '_ = letrec [$lam177] in
$lam177 in
List.map(tasks, $t178) in
List.fold_left(partials, identity, combine)

## List.product_int
fn List.product_int(xs : List(Int)) : Int =
  let go : (List(Int), Int) -> Int = letrec [go] in
go in
go(xs, 1)

## List.range
fn List.range(start : Int, stop : Int) : List(Int) =
  let go : (Int, List(Int)) -> List(Int) = letrec [go] in
go in
let $t17 : '_ = -(stop, 1) in
let $t18 : '_ = alloc Nil() in
go($t17, $t18)

## List.range_step
fn List.range_step(start : Int, stop : Int, step : Int) : List(Int) =
  let build : (Int, List(Int)) -> List(Int) = letrec [build] in
build in
let $t26 : '_ = alloc Nil() in
build(start, $t26)

## List.repeat
fn List.repeat(x : 'a, n : Int) : List('a) =
  let go : (Int, List('a)) -> List('a) = letrec [go] in
go in
let $t13 : '_ = alloc Nil() in
go(n, $t13)

## List.reverse
fn List.reverse(xs : List('a)) : List('a) =
  let go : (List('a), List('a)) -> List('a) = letrec [go] in
go in
let $t91 : '_ = alloc Nil() in
go(xs, $t91)

## List.scan_left
fn List.scan_left(xs : List('a), acc : 'b, f : ('b) -> ('a) -> 'b) : List('b) =
  let go : ('b, List('a), List('b)) -> List('b) = letrec [go] in
go in
let $t206 : '_ = alloc Nil() in
go(acc, xs, $t206)

## List.singleton
fn List.singleton(x : 'a) : List('a) =
  let $t9 : '_ = alloc Nil() in
alloc Cons(x, $t9)

## List.sort_by
fn List.sort_by(xs : List('a), cmp : ('a) -> ('a) -> Bool) : List('a) =
  let rev_onto : (List('a), List('a)) -> List('a) = letrec [rev_onto] in
rev_onto in
let merge : (List('a), List('a)) -> List('a) = letrec [merge] in
merge in
let step_pairs : (List(List('a)), List(List('a))) -> List(List('a)) = letrec [step_pairs] in
step_pairs in
let sort_loop : (List(List('a))) -> List('a) = letrec [sort_loop] in
sort_loop in
let to_singletons : (List('a), List(List('a))) -> List(List('a)) = letrec [to_singletons] in
to_singletons in
let $t333 : '_ = let $t332 : '_ = alloc Nil() in
to_singletons(xs, $t332) in
sort_loop($t333)

## List.split_at
fn List.split_at(xs : List('a), n : Int) : (List('a), List('a)) =
  let go : (List('a), Int, List('a)) -> (List('a), List('a)) = letrec [go] in
go in
let $t380 : '_ = alloc Nil() in
go(xs, n, $t380)

## List.sum_int
fn List.sum_int(xs : List(Int)) : Int =
  let go : (List(Int), Int) -> Int = letrec [go] in
go in
go(xs, 0)

## List.tail
fn List.tail(xs : List('a)) : List('a) =
  case xs of
  Cons($f33, $f34) -> let $jp_clo36 : () -> '_ = letrec [$jp35] in
$jp35 in
let t : '_ = $f34 in
t
  Nil() -> panic("List.tail: empty list")
  _ -> panic("non-exhaustive pattern match")

## List.tail_opt
fn List.tail_opt(xs : List('a)) : Option(List('a)) =
  case xs of
  Cons($f45, $f46) -> let $jp_clo48 : () -> '_ = letrec [$jp47] in
$jp47 in
let t : '_ = $f46 in
alloc Some(t)
  Nil() -> alloc None()
  _ -> panic("non-exhaustive pattern match")

## List.take
fn List.take(xs : List('a), n : Int) : List('a) =
  let go : (List('a), Int, List('a)) -> List('a) = letrec [go] in
go in
let $t343 : '_ = alloc Nil() in
go(xs, n, $t343)

## List.take_while
fn List.take_while(xs : List('a), pred : ('a) -> Bool) : List('a) =
  let go : (List('a), List('a)) -> List('a) = letrec [go] in
go in
let $t360 : '_ = alloc Nil() in
go(xs, $t360)

## List.unzip
fn List.unzip(pairs : List(('a, 'b))) : (List('a), List('b)) =
  let go : (List(('a, 'b)), List('a), List('b)) -> (List('a), List('b)) = letrec [go] in
go in
let $t451 : '_ = alloc Nil() in
let $t452 : '_ = alloc Nil() in
go(pairs, $t451, $t452)

## List.zip
fn List.zip(xs : List('a), ys : List('b)) : List(('a, 'b)) =
  let go : (List('a), List('b), List(('a, 'b))) -> List(('a, 'b)) = letrec [go] in
go in
let $t419 : '_ = alloc Nil() in
go(xs, ys, $t419)

## List.zip_with
fn List.zip_with(xs : List('a), ys : List('b), f : ('a) -> ('b) -> 'c) : List('c) =
  let go : (List('a), List('b), List('c)) -> List('c) = letrec [go] in
go in
let $t434 : '_ = alloc Nil() in
go(xs, ys, $t434)

## keep
fn keep(xs : List(Int)) : List(Int) =
  case xs of
  Nil() -> alloc List.Nil(Int)()
  Cons($f3, $f4) -> let $jp_clo6 : () -> '_ = letrec [$jp5] in
$jp5 in
let t : List(Int) = $f4 in
let h : Int = $f3 in
let $t1 : Bool = >(h, 2) in
case $t1 of
  True() -> let $t2 : List(Int) = keep(t) in
alloc List.Cons(h, $t2)
  _ -> keep(t)
  _ -> panic("non-exhaustive pattern match")

## main
fn main() : () =
  let $t527 : String = let $t526 : List(Int) = let $t525 : List(Int) = let $t524 : List(Int) = let $t523 : List(Int) = let $t522 : List(Int) = let $t521 : List(Int) = alloc List.Nil(Int)() in
alloc List.Cons(4, $t521) in
alloc List.Cons(2, $t522) in
alloc List.Cons(3, $t523) in
alloc List.Cons(1, $t524) in
keep($t525) in
List.length($t526) in
println($t527)

