-- types (0) --
-- fns (58) --
## List.all
fn List.all(xs : List('a), pred : ('a) -> Bool) : Bool =
  case xs of
  Nil() -> true
  Cons($f251, $f252) -> let t : '_ = $f252 in
let h : '_ = $f251 in
let $t250 : '_ = pred(h) in
case $t250 of
  True() -> List.all(t, pred)
  _ -> false
  _ -> panic("non-exhaustive pattern match")

## List.any
fn List.any(xs : List('a), pred : ('a) -> Bool) : Bool =
  case xs of
  Nil() -> false
  Cons($f244, $f245) -> let t : '_ = $f245 in
let h : '_ = $f244 in
let $t243 : '_ = pred(h) in
case $t243 of
  True() -> true
  _ -> List.any(t, pred)
  _ -> panic("non-exhaustive pattern match")

## List.append
fn List.append(xs : List('a), ys : List('a)) : List('a) =
  case xs of
  Nil() -> ys
  Cons($f87, $f88) -> let t : '_ = $f88 in
let h : '_ = $f87 in
let $t86 : '_ = List.append(t, ys) in
alloc Cons(h, $t86)
  _ -> panic("non-exhaustive pattern match")

## List.chunks
fn List.chunks(xs : List('a), size : Int) : List(List('a)) =
  let go : (List('a), List(List('a))) -> List(List('a)) = letrec [go] in
go in
let $t395 : '_ = alloc Nil() in
go(xs, $t395)

## List.concat
fn List.concat(xss : List(List('a))) : List('a) =
  let prepend_reversed : (List('a), List('a)) -> List('a) = letrec [prepend_reversed] in
prepend_reversed in
let go : (List(List('a)), List('a)) -> List('a) = letrec [go] in
go in
let $t213 : '_ = alloc Nil() in
go(xss, $t213)

## List.dedup
fn List.dedup(xs : List('a)) : List('a) =
  let go : (List('a), 'a, List('a)) -> List('a) = letrec [go] in
go in
case xs of
  Nil() -> alloc Nil()
  Cons($f506, $f507) -> let t : '_ = $f507 in
let h : '_ = $f506 in
let $t505 : '_ = let $t504 : '_ = alloc Nil() in
alloc Cons(h, $t504) in
go(t, h, $t505)
  _ -> panic("non-exhaustive pattern match")

## List.drop
fn List.drop(xs : List('a), n : Int) : List('a) =
  let $t336 : '_ = <=(n, 0) in
case $t336 of
  True() -> xs
  _ -> case xs of
  Nil() -> alloc Nil()
  Cons($f338, $f339) -> let t : '_ = $f339 in
let $t337 : '_ = -(n, 1) in
List.drop(t, $t337)
  _ -> panic("non-exhaustive pattern match")

## List.drop_last
fn List.drop_last(xs : List('a)) : List('a) =
  let $t385 : '_ = List.reverse(xs) in
case $t385 of
  Nil() -> alloc Nil()
  Cons($f386, $f387) -> let rest : '_ = $f387 in
let ig : '_ = $f386 in
List.reverse(rest)
  _ -> panic("non-exhaustive pattern match")

## List.drop_while
fn List.drop_while(xs : List('a), pred : ('a) -> Bool) : List('a) =
  case xs of
  Nil() -> alloc Nil()
  Cons($f353, $f354) -> let t : '_ = $f354 in
let h : '_ = $f353 in
let $t352 : '_ = pred(h) in
case $t352 of
  True() -> List.drop_while(t, pred)
  _ -> xs
  _ -> panic("non-exhaustive pattern match")

## List.each
fn List.each(xs : List('a), f : ('a) -> 'b) : () =
  let go : (List('a)) -> () = letrec [go] in
go in
go(xs)

## List.empty
fn List.empty() : List('a) =
  alloc Nil()

## List.enumerate
fn List.enumerate(xs : List('a)) : List((Int, 'a)) =
  let go : (List('a), Int, List((Int, 'a))) -> List((Int, 'a)) = letrec [go] in
go in
let $t453 : '_ = alloc Nil() in
go(xs, 0, $t453)

## List.filter
fn List.filter(xs : List('a), pred : ('a) -> Bool) : List('a) =
  case xs of
  Nil() -> alloc Nil()
  Cons($f125, $f126) -> let t : '_ = $f126 in
let h : '_ = $f125 in
let $t123 : '_ = pred(h) in
case $t123 of
  True() -> let $t124 : '_ = List.filter(t, pred) in
alloc Cons(h, $t124)
  _ -> List.filter(t, pred)
  _ -> panic("non-exhaustive pattern match")

## List.filter_map
fn List.filter_map(xs : List('a), f : ('a) -> Option('b)) : List('b) =
  case xs of
  Nil() -> alloc Nil()
  Cons($f174, $f175) -> let t : '_ = $f175 in
let h : '_ = $f174 in
let $t171 : '_ = f(h) in
case $t171 of
  Some($f173) -> let v : '_ = $f173 in
let $t172 : '_ = List.filter_map(t, f) in
alloc Cons(v, $t172)
  None() -> List.filter_map(t, f)
  _ -> panic("non-exhaustive pattern match")
  _ -> panic("non-exhaustive pattern match")

## List.find
fn List.find(xs : List('a), pred : ('a) -> Bool) : Option('a) =
  case xs of
  Nil() -> alloc None()
  Cons($f229, $f230) -> let t : '_ = $f230 in
let h : '_ = $f229 in
let $t228 : '_ = pred(h) in
case $t228 of
  True() -> alloc Some(h)
  _ -> List.find(t, pred)
  _ -> panic("non-exhaustive pattern match")

## List.find_index
fn List.find_index(xs : List('a), pred : ('a) -> Bool) : Option(Int) =
  let go : (List('a), Int) -> Option(Int) = letrec [go] in
go in
go(xs, 0)

## List.flat_map
fn List.flat_map(xs : List('a), f : ('a) -> List('b)) : List('b) =
  let $t108 : '_ = alloc Nil() in
List.flat_map_go($t108, xs, f)

## List.flat_map_go
fn List.flat_map_go(sub : List('b), lst : List('a), f : ('a) -> List('b)) : List('b) =
  case sub of
  Cons($f117, $f118) -> let rest : '_ = $f118 in
let x : '_ = $f117 in
let $t109 : '_ = List.flat_map_go(rest, lst, f) in
alloc Cons(x, $t109)
  Nil() -> case lst of
  Nil() -> alloc Nil()
  Cons($f111, $f112) -> let t : '_ = $f112 in
let h : '_ = $f111 in
let $t110 : '_ = f(h) in
List.flat_map_go($t110, t, f)
  _ -> panic("non-exhaustive pattern match")
  _ -> panic("non-exhaustive pattern match")

## List.fold_left
fn List.fold_left(xs : List('a), acc : 'b, f : ('b) -> ('a) -> 'b) : 'b =
  case xs of
  Nil() -> acc
  Cons($f181, $f182) -> let t : '_ = $f182 in
let h : '_ = $f181 in
let $t180 : '_ = f(acc, h) in
List.fold_left(t, $t180, f)
  _ -> panic("non-exhaustive pattern match")

## List.fold_right
fn List.fold_right(xs : List('a), acc : 'b, f : ('a) -> ('b) -> 'b) : 'b =
  let $t187 : '_ = List.reverse(xs) in
let $t189 : ('_, '_) -> '_ = letrec [$lam0_fold_right] in
$lam0_fold_right in
List.fold_left($t187, acc, $t189)

## List.head
fn List.head(xs : List('a)) : 'a =
  case xs of
  Cons($f21, $f22) -> let h : '_ = $f21 in
h
  Nil() -> panic("List.head: empty list")
  _ -> panic("non-exhaustive pattern match")

## List.head_opt
fn List.head_opt(xs : List('a)) : Option('a) =
  case xs of
  Cons($f33, $f34) -> let h : '_ = $f33 in
alloc Some(h)
  Nil() -> alloc None()
  _ -> panic("non-exhaustive pattern match")

## List.intersperse
fn List.intersperse(xs : List('a), sep : 'a) : List('a) =
  let go : (List('a), List('a)) -> List('a) = letrec [go] in
go in
let $t227 : '_ = alloc Nil() in
go(xs, $t227)

## List.is_empty
fn List.is_empty(xs : List('a)) : Bool =
  case xs of
  Nil() -> true
  _ -> false

## List.last
fn List.last(xs : List('a)) : 'a =
  case xs of
  Nil() -> panic("List.last: empty list")
  Cons($f45, $f46) -> case $f46 of
  Nil() -> let x : '_ = $f45 in
x
  _ -> let t : '_ = $f46 in
List.last(t)
  _ -> panic("non-exhaustive pattern match")

## List.length
fn List.length(xs : List('a)) : Int =
  let go : (List('a), Int) -> Int = letrec [go] in
go in
go(xs, 0)

## List.map
fn List.map(xs : List('a), f : ('a) -> 'b) : List('b) =
  case xs of
  Nil() -> alloc Nil()
  Cons($f95, $f96) -> let t : '_ = $f96 in
let h : '_ = $f95 in
let $t93 : '_ = f(h) in
let $t94 : '_ = List.map(t, f) in
alloc Cons($t93, $t94)
  _ -> panic("non-exhaustive pattern match")

## List.maximum_int
fn List.maximum_int(xs : List(Int)) : Int =
  let go : (List(Int), Int) -> Int = letrec [go] in
go in
case xs of
  Nil() -> panic("List.maximum_int: empty list")
  Cons($f488, $f489) -> let t : '_ = $f489 in
let h : '_ = $f488 in
go(t, h)
  _ -> panic("non-exhaustive pattern match")

## List.member
fn List.member(xs : List('a), x : 'a) : Bool =
  let $t495 : ('_) -> '_ = letrec [$lam0_member] in
$lam0_member in
List.any(xs, $t495)

## List.minimum_int
fn List.minimum_int(xs : List(Int)) : Int =
  let go : (List(Int), Int) -> Int = letrec [go] in
go in
case xs of
  Nil() -> panic("List.minimum_int: empty list")
  Cons($f475, $f476) -> let t : '_ = $f476 in
let h : '_ = $f475 in
go(t, h)
  _ -> panic("non-exhaustive pattern match")

## List.nth
fn List.nth(xs : List('a), n : Int) : 'a =
  case xs of
  Nil() -> panic("List.nth: index out of bounds")
  Cons($f57, $f58) -> let t : '_ = $f58 in
let h : '_ = $f57 in
let $t55 : '_ = ==(n, 0) in
case $t55 of
  True() -> h
  _ -> let $t56 : '_ = -(n, 1) in
List.nth(t, $t56)
  _ -> panic("non-exhaustive pattern match")

## List.nth_opt
fn List.nth_opt(xs : List('a), n : Int) : Option('a) =
  case xs of
  Nil() -> alloc None()
  Cons($f65, $f66) -> let t : '_ = $f66 in
let h : '_ = $f65 in
let $t63 : '_ = ==(n, 0) in
case $t63 of
  True() -> alloc Some(h)
  _ -> let $t64 : '_ = -(n, 1) in
List.nth_opt(t, $t64)
  _ -> panic("non-exhaustive pattern match")

## List.partition
fn List.partition(xs : List('a), pred : ('a) -> Bool) : (List('a), List('a)) =
  let go : (List('a), List('a), List('a)) -> (List('a), List('a)) = letrec [go] in
go in
let $t383 : '_ = alloc Nil() in
let $t384 : '_ = alloc Nil() in
go(xs, $t383, $t384)

## List.pfilter
fn List.pfilter(xs : List('a), pred : ('a) -> Bool) : List('a) =
  let t : '_ = pmap_threshold() in
let $t155 : '_ = let $t154 : '_ = List.length(xs) in
<=($t154, t) in
case $t155 of
  True() -> List.filter(xs, pred)
  _ -> let cs : '_ = List.chunks(xs, t) in
let tasks : '_ = let $t159 : ('_) -> '_ = letrec [$lam0_pfilter] in
$lam0_pfilter in
List.map(cs, $t159) in
let $t162 : '_ = let $t161 : ('_) -> '_ = letrec [$lam1_pfilter] in
$lam1_pfilter in
List.map(tasks, $t161) in
List.concat($t162)

## List.pmap
fn List.pmap(xs : List('a), f : ('a) -> 'b) : List('b) =
  let t : '_ = pmap_threshold() in
let $t132 : '_ = let $t131 : '_ = List.length(xs) in
<=($t131, t) in
case $t132 of
  True() -> List.map(xs, f)
  _ -> let cs : '_ = List.chunks(xs, t) in
let tasks : '_ = let $t136 : ('_) -> '_ = letrec [$lam0_pmap] in
$lam0_pmap in
List.map(cs, $t136) in
let $t139 : '_ = let $t138 : ('_) -> '_ = letrec [$lam1_pmap] in
$lam1_pmap in
List.map(tasks, $t138) in
List.concat($t139)

## List.pmap_n
fn List.pmap_n(xs : List('a), f : ('a) -> 'b, max_concurrency : Int) : List('b) =
  let n : '_ = List.length(xs) in
let $t140 : '_ = ==(n, 0) in
case $t140 of
  True() -> alloc Nil()
  _ -> let cap : '_ = let $t141 : '_ = <(max_concurrency, 1) in
case $t141 of
  True() -> 1
  _ -> max_concurrency in
let csize : '_ = let $t144 : '_ = let $t143 : '_ = let $t142 : '_ = /(n, cap) in
*($t142, cap) in
==($t143, n) in
case $t144 of
  True() -> /(n, cap)
  _ -> let $t145 : '_ = /(n, cap) in
+($t145, 1) in
let csize2 : '_ = let $t146 : '_ = <(csize, 1) in
case $t146 of
  True() -> 1
  _ -> csize in
let cs : '_ = List.chunks(xs, csize2) in
let tasks : '_ = let $t150 : ('_) -> '_ = letrec [$lam0_pmap_n] in
$lam0_pmap_n in
List.map(cs, $t150) in
let $t153 : '_ = let $t152 : ('_) -> '_ = letrec [$lam1_pmap_n] in
$lam1_pmap_n in
List.map(tasks, $t152) in
List.concat($t153)

## List.preduce
fn List.preduce(xs : List('a), identity : 'a, combine : ('a) -> ('a) -> 'a) : 'a =
  let t : '_ = pmap_threshold() in
let $t164 : '_ = let $t163 : '_ = List.length(xs) in
<=($t163, t) in
case $t164 of
  True() -> List.fold_left(xs, identity, combine)
  _ -> let cs : '_ = List.chunks(xs, t) in
let tasks : '_ = let $t168 : ('_) -> '_ = letrec [$lam0_preduce] in
$lam0_preduce in
List.map(cs, $t168) in
let partials : '_ = let $t170 : ('_) -> '_ = letrec [$lam1_preduce] in
$lam1_preduce in
List.map(tasks, $t170) in
List.fold_left(partials, identity, combine)

## List.product_int
fn List.product_int(xs : List(Int)) : Int =
  let go : (List(Int), Int) -> Int = letrec [go] in
go in
go(xs, 1)

## List.range
fn List.range(start : Int, stop : Int) : List(Int) =
  let go : (Int, List(Int)) -> List(Int) = letrec [go] in
go in
let $t16 : '_ = -(stop, 1) in
let $t17 : '_ = alloc Nil() in
go($t16, $t17)

## List.range_step
fn List.range_step(start : Int, stop : Int, step : Int) : List(Int) =
  List.range_step_go(start, stop, step)

## List.range_step_go
fn List.range_step_go(i : Int, stop : Int, step : Int) : List(Int) =
  let $t19 : '_ = let $t18 : '_ = >(step, 0) in
case $t18 of
  True() -> >=(i, stop)
  _ -> <=(i, stop) in
case $t19 of
  True() -> alloc Nil()
  _ -> let next : '_ = +(i, step) in
let $t20 : '_ = List.range_step_go(next, stop, step) in
alloc Cons(i, $t20)

## List.repeat
fn List.repeat(x : 'a, n : Int) : List('a) =
  let go : (Int, List('a)) -> List('a) = letrec [go] in
go in
let $t12 : '_ = alloc Nil() in
go(n, $t12)

## List.reverse
fn List.reverse(xs : List('a)) : List('a) =
  let go : (List('a), List('a)) -> List('a) = letrec [go] in
go in
let $t85 : '_ = alloc Nil() in
go(xs, $t85)

## List.scan_left
fn List.scan_left(xs : List('a), acc : 'b, f : ('b) -> ('a) -> 'b) : List('b) =
  let go : ('b, List('a), List('b)) -> List('b) = letrec [go] in
go in
let $t198 : '_ = alloc Nil() in
go(acc, xs, $t198)

## List.singleton
fn List.singleton(x : 'a) : List('a) =
  let $t8 : '_ = alloc Nil() in
alloc Cons(x, $t8)

## List.sort_by
fn List.sort_by(xs : List('a), cmp : ('a) -> ('a) -> Bool) : List('a) =
  let rev_onto : (List('a), List('a)) -> List('a) = letrec [rev_onto] in
rev_onto in
let merge : (List('a), List('a)) -> List('a) = letrec [merge] in
merge in
let step_pairs : (List(List('a)), List(List('a))) -> List(List('a)) = letrec [step_pairs] in
step_pairs in
let sort_loop : (List(List('a))) -> List('a) = letrec [sort_loop] in
sort_loop in
let to_singletons : (List('a), List(List('a))) -> List(List('a)) = letrec [to_singletons] in
to_singletons in
let $t325 : '_ = let $t324 : '_ = alloc Nil() in
to_singletons(xs, $t324) in
sort_loop($t325)

## List.split_at
fn List.split_at(xs : List('a), n : Int) : (List('a), List('a)) =
  let go : (List('a), Int, List('a)) -> (List('a), List('a)) = letrec [go] in
go in
let $t371 : '_ = alloc Nil() in
go(xs, n, $t371)

## List.sum_int
fn List.sum_int(xs : List(Int)) : Int =
  let go : (List(Int), Int) -> Int = letrec [go] in
go in
go(xs, 0)

## List.tail
fn List.tail(xs : List('a)) : List('a) =
  case xs of
  Cons($f27, $f28) -> let t : '_ = $f28 in
t
  Nil() -> panic("List.tail: empty list")
  _ -> panic("non-exhaustive pattern match")

## List.tail_opt
fn List.tail_opt(xs : List('a)) : Option(List('a)) =
  case xs of
  Cons($f39, $f40) -> let t : '_ = $f40 in
alloc Some(t)
  Nil() -> alloc None()
  _ -> panic("non-exhaustive pattern match")

## List.take
fn List.take(xs : List('a), n : Int) : List('a) =
  let go : (List('a), Int, List('a)) -> List('a) = letrec [go] in
go in
let $t335 : '_ = alloc Nil() in
go(xs, n, $t335)

## List.take_while
fn List.take_while(xs : List('a), pred : ('a) -> Bool) : List('a) =
  case xs of
  Nil() -> alloc Nil()
  Cons($f346, $f347) -> let t : '_ = $f347 in
let h : '_ = $f346 in
let $t344 : '_ = pred(h) in
case $t344 of
  True() -> let $t345 : '_ = List.take_while(t, pred) in
alloc Cons(h, $t345)
  _ -> alloc Nil()
  _ -> panic("non-exhaustive pattern match")

## List.unzip
fn List.unzip(pairs : List(('a, 'b))) : (List('a), List('b)) =
  let go : (List(('a, 'b)), List('a), List('b)) -> (List('a), List('b)) = letrec [go] in
go in
let $t442 : '_ = alloc Nil() in
let $t443 : '_ = alloc Nil() in
go(pairs, $t442, $t443)

## List.zip
fn List.zip(xs : List('a), ys : List('b)) : List(('a, 'b)) =
  let go : (List('a), List('b), List(('a, 'b))) -> List(('a, 'b)) = letrec [go] in
go in
let $t410 : '_ = alloc Nil() in
go(xs, ys, $t410)

## List.zip_with
fn List.zip_with(xs : List('a), ys : List('b), f : ('a) -> ('b) -> 'c) : List('c) =
  let go : (List('a), List('b), List('c)) -> List('c) = letrec [go] in
go in
let $t425 : '_ = alloc Nil() in
go(xs, ys, $t425)

## ascending
fn ascending(a : Int, b : Int) : List(Int) =
  let $t1 : Bool = >=(a, b) in
case $t1 of
  True() -> alloc List.Nil(Int)()
  _ -> let $t3 : List(Int) = let $t2 : Int = +(a, 1) in
ascending($t2, b) in
alloc List.Cons(a, $t3)

## main
fn main(_cap_console : Cap(IO.Console)) : () =
  let $t513 : String = let $t512 : List(Int) = ascending(0, 5) in
List.sum_int($t512) in
println($t513);
let $t515 : String = let $t514 : List(Int) = squares(5) in
List.sum_int($t514) in
println($t515)

## squares
fn squares(n : Int) : List(Int) =
  let go : (Int) -> List(Int) = letrec [go] in
go in
go(0)

