-- types (2) --
type Box = Box(String, String)
type Raw = Raw(String, Int, String)
-- fns (4) --
## from_ctor
fn from_ctor(r : Raw) : Box =
  case r of
  Raw($f14, $f15, $f16) -> let $jp_clo18 : () -> '_ = letrec [$jp17] in
$jp17 in
let $jp_clo22 : () -> '_ = letrec [$jp21] in
$jp21 in
let c : String = $f16 in
let n : Int = $f15 in
let a : String = $f14 in
let $t13 : Box = alloc Box.Box(a, c) in
keep($t13)
  _ -> panic("non-exhaustive pattern match")

## from_tuple
fn from_tuple(t : (String, Int, String)) : Box =
  case t of
  $Tuple3($f2, $f3, $f4) -> let $jp_clo6 : () -> '_ = letrec [$jp5] in
$jp5 in
let $jp_clo10 : () -> '_ = letrec [$jp9] in
$jp9 in
let c : String = $f4 in
let n : Int = $f3 in
let a : String = $f2 in
let $t1 : Box = alloc Box.Box(a, c) in
keep($t1)
  _ -> panic("non-exhaustive pattern match")

## keep
fn keep(b : Box) : Box =
  b

## main
fn main(_c : Cap(IO.Console)) : () =
  let $p28 : Box = let $t25 : (String, Int, String) = ("a", 1, "b") in
from_tuple($t25) in
let $p27 : Box = let $t26 : Raw = alloc Raw.Raw("a", 1, "b") in
from_ctor($t26) in
println("done")

