Server: 2 sessions done, 1 cancelled
Server: got 1 (message 1 of its session)
Server: got 102 (message 2 of its session)
Server: got 103 (message 2 of its session)
Server: got 2 (message 1 of its session)
Server: got 3 (message 1 of its session)
Server: session cancelled, Client gone
node-a: offering
