holes_tuple_element: coverage audit (user + stdlib): 63 enforced, 0 inert (warned), 1 unenforced
holes_tuple_element: coverage audit (user code): 0 enforced, 0 inert (warned), 1 unenforced
holes_tuple_element: coverage audit: test/refine_audit/holes/tuple_element.march:8:19: param `f` #0: _ > 0: below the outermost position of the declared type
