tir-lower    fns=21 allocs=0 stack=0 inc=0 dec=0 reuse=0 jp=0
tir-trmc     fns=21 allocs=0 stack=0 inc=0 dec=0 reuse=0 jp=0
tir-mono     fns=21 allocs=0 stack=0 inc=0 dec=0 reuse=0 jp=0
tir-defun    fns=21 allocs=1 stack=0 inc=0 dec=0 reuse=0 jp=0
tir-perceus  fns=21 allocs=1 stack=0 inc=1 dec=1 reuse=0 jp=0
